Component: ARM Compiler 5.06 update 6 (build 750) Tool: armlink [4d35ed]

==============================================================================

Section Cross References

    main.o(.text) refers to _printf_percent.o(.ARM.Collect$$_printf_percent$$00000000) for _printf_percent
    main.o(.text) refers to _printf_d.o(.ARM.Collect$$_printf_percent$$00000009) for _printf_d
    main.o(.text) refers to _printf_dec.o(.text) for _printf_int_dec
    main.o(.text) refers to delay.o(.text) for delay_init
    main.o(.text) refers to misc.o(.text) for NVIC_PriorityGroupConfig
    main.o(.text) refers to usart.o(.text) for uart_init
    main.o(.text) refers to led.o(.text) for LED_Init
    main.o(.text) refers to key.o(.text) for KEY_Init
    main.o(.text) refers to exti.o(.text) for EXTIX_Init
    main.o(.text) refers to malloc.o(.text) for my_mem_init
    main.o(.text) refers to noretval__2printf.o(.text) for __2printf
    main.o(.text) refers to sdio_sdcard.o(.text) for SD_Init
    main.o(.text) refers to exfuns.o(.text) for exfuns_init
    main.o(.text) refers to ff.o(.text) for f_mount
    main.o(.text) refers to stm32f10x_gpio.o(.text) for GPIO_ReadInputDataBit
    main.o(.text) refers to stm32f10x_exti.o(.text) for EXTI_ClearITPendingBit
    main.o(.text) refers to exfuns.o(.data) for fs
    main.o(.text) refers to main.o(.bss) for fnew
    main.o(.text) refers to main.o(.data) for res_flash
    main.o(.text) refers to usart.o(.data) for which_BUF
    main.o(.text) refers to usart.o(.bss) for USART_RX_BUF2
    system_stm32f10x.o(.text) refers to system_stm32f10x.o(.data) for SystemCoreClock
    led.o(.text) refers to stm32f10x_rcc.o(.text) for RCC_APB2PeriphClockCmd
    led.o(.text) refers to stm32f10x_gpio.o(.text) for GPIO_Init
    key.o(.text) refers to stm32f10x_rcc.o(.text) for RCC_APB2PeriphClockCmd
    key.o(.text) refers to stm32f10x_gpio.o(.text) for GPIO_Init
    key.o(.text) refers to delay.o(.text) for delay_ms
    key.o(.text) refers to key.o(.data) for key_up
    sdio_sdcard.o(.text) refers to stm32f10x_sdio.o(.text) for SDIO_GetFlagStatus
    sdio_sdcard.o(.text) refers to sdio_sdcard.o(.data) for DeviceMode
    sdio_sdcard.o(.text) refers to sdio_sdcard.o(.bss) for SDIO_CmdInitStructure
    sdio_sdcard.o(.text) refers to stm32f10x_rcc.o(.text) for RCC_APB2PeriphClockCmd
    sdio_sdcard.o(.text) refers to stm32f10x_gpio.o(.text) for GPIO_Init
    sdio_sdcard.o(.text) refers to misc.o(.text) for NVIC_Init
    sdio_sdcard.o(.text) refers to stm32f10x_dma.o(.text) for DMA_DeInit
    sdio_sdcard.o(.text) refers to sys.o(.text) for INTX_DISABLE
    sdio_sdcard.o(.text) refers to rt_memcpy_v6.o(.text) for __aeabi_memcpy
    exti.o(.text) refers to key.o(.text) for KEY_Init
    exti.o(.text) refers to stm32f10x_rcc.o(.text) for RCC_APB2PeriphClockCmd
    exti.o(.text) refers to stm32f10x_gpio.o(.text) for GPIO_EXTILineConfig
    exti.o(.text) refers to stm32f10x_exti.o(.text) for EXTI_Init
    exti.o(.text) refers to misc.o(.text) for NVIC_Init
    delay.o(.text) refers to misc.o(.text) for SysTick_CLKSourceConfig
    delay.o(.text) refers to system_stm32f10x.o(.data) for SystemCoreClock
    delay.o(.text) refers to delay.o(.data) for fac_us
    usart.o(.text) refers (Special) to use_no_semi_2.o(.text) for __use_no_semihosting
    usart.o(.text) refers to stm32f10x_rcc.o(.text) for RCC_APB2PeriphClockCmd
    usart.o(.text) refers to stm32f10x_gpio.o(.text) for GPIO_Init
    usart.o(.text) refers to misc.o(.text) for NVIC_Init
    usart.o(.text) refers to stm32f10x_usart.o(.text) for USART_Init
    usart.o(.text) refers to usart.o(.data) for Res
    usart.o(.text) refers to usart.o(.bss) for USART_RX_BUF2
    usart.o(.bss) refers (Special) to use_no_semi_2.o(.text) for __use_no_semihosting
    usart.o(.data) refers (Special) to use_no_semi_2.o(.text) for __use_no_semihosting
    startup_stm32f10x_hd.o(STACK) refers (Special) to heapauxi.o(.text) for __use_two_region_memory
    startup_stm32f10x_hd.o(HEAP) refers (Special) to heapauxi.o(.text) for __use_two_region_memory
    startup_stm32f10x_hd.o(RESET) refers (Special) to heapauxi.o(.text) for __use_two_region_memory
    startup_stm32f10x_hd.o(RESET) refers to startup_stm32f10x_hd.o(STACK) for __initial_sp
    startup_stm32f10x_hd.o(RESET) refers to startup_stm32f10x_hd.o(.text) for Reset_Handler
    startup_stm32f10x_hd.o(RESET) refers to stm32f10x_it.o(.text) for NMI_Handler
    startup_stm32f10x_hd.o(RESET) refers to main.o(.text) for EXTI0_IRQHandler
    startup_stm32f10x_hd.o(RESET) refers to usart.o(.text) for USART1_IRQHandler
    startup_stm32f10x_hd.o(RESET) refers to sdio_sdcard.o(.text) for SDIO_IRQHandler
    startup_stm32f10x_hd.o(.text) refers (Special) to heapauxi.o(.text) for __use_two_region_memory
    startup_stm32f10x_hd.o(.text) refers to system_stm32f10x.o(.text) for SystemInit
    startup_stm32f10x_hd.o(.text) refers to __main.o(!!!main) for __main
[...]
    ../clib/angel/sys.s                      0x00000000   Number         0  libspace.o ABSOLUTE
    ../clib/angel/sysapp.c                   0x00000000   Number         0  sys_wrch.o ABSOLUTE
    ../clib/angel/sysapp.c                   0x00000000   Number         0  sys_command.o ABSOLUTE
    ../clib/armsys.c                         0x00000000   Number         0  argv_veneer.o ABSOLUTE
    ../clib/armsys.c                         0x00000000   Number         0  no_argv.o ABSOLUTE
    ../clib/armsys.c                         0x00000000   Number         0  _get_argv_nomalloc.o ABSOLUTE
    ../clib/armsys.c                         0x00000000   Number         0  argv_veneer.o ABSOLUTE
    ../clib/heapalloc.c                      0x00000000   Number         0  hrguard.o ABSOLUTE
    ../clib/heapaux.c                        0x00000000   Number         0  heapauxi.o ABSOLUTE
    ../clib/libinit.s                        0x00000000   Number         0  libshutdown2.o ABSOLUTE
    ../clib/libinit.s                        0x00000000   Number         0  libinit.o ABSOLUTE
    ../clib/libinit.s                        0x00000000   Number         0  libshutdown.o ABSOLUTE
    ../clib/libinit.s                        0x00000000   Number         0  libinit2.o ABSOLUTE
    ../clib/longlong.s                       0x00000000   Number         0  llsdiv.o ABSOLUTE
    ../clib/longlong.s                       0x00000000   Number         0  lludivv7m.o ABSOLUTE
    ../clib/memcpset.s                       0x00000000   Number         0  rt_memcpy_w.o ABSOLUTE
    ../clib/memcpset.s                       0x00000000   Number         0  strcmpv7m.o ABSOLUTE
    ../clib/memcpset.s                       0x00000000   Number         0  rt_memcpy_v6.o ABSOLUTE
    ../clib/printf.c                         0x00000000   Number         0  _printf_dec.o ABSOLUTE
    ../clib/printf.c                         0x00000000   Number         0  _printf_str.o ABSOLUTE
    ../clib/printf.c                         0x00000000   Number         0  _printf_hex_ptr.o ABSOLUTE
    ../clib/printf.c                         0x00000000   Number         0  _printf_hex_ll.o ABSOLUTE
    ../clib/printf.c                         0x00000000   Number         0  __printf.o ABSOLUTE
    ../clib/printf.c                         0x00000000   Number         0  _printf_hex_int_ptr.o ABSOLUTE
    ../clib/printf.c                         0x00000000   Number         0  noretval__2printf.o ABSOLUTE
    ../clib/printf.c                         0x00000000   Number         0  _printf_intcommon.o ABSOLUTE
    ../clib/printf.c                         0x00000000   Number         0  __2printf.o ABSOLUTE
    ../clib/printf.c                         0x00000000   Number         0  _printf_hex_ll_ptr.o ABSOLUTE
    ../clib/printf.c                         0x00000000   Number         0  _printf_hex_int_ll_ptr.o ABSOLUTE
    ../clib/printf.c                         0x00000000   Number         0  _printf_char_common.o ABSOLUTE
    ../clib/printf.c                         0x00000000   Number         0  __printf_ss.o ABSOLUTE
    ../clib/printf.c                         0x00000000   Number         0  __printf_flags_ss.o ABSOLUTE
    ../clib/printf.c                         0x00000000   Number         0  _printf_char_file.o ABSOLUTE
    ../clib/printf.c                         0x00000000   Number         0  _printf_char.o ABSOLUTE
    ../clib/printf.c                         0x00000000   Number         0  __printf_ss_wp.o ABSOLUTE
    ../clib/printf.c                         0x00000000   Number         0  __printf_flags_wp.o ABSOLUTE
    ../clib/printf.c                         0x00000000   Number         0  _printf_hex_int.o ABSOLUTE
    ../clib/printf.c                         0x00000000   Number         0  __printf_wp.o ABSOLUTE
    ../clib/printf.c                         0x00000000   Number         0  __printf_flags.o ABSOLUTE
    ../clib/printf.c                         0x00000000   Number         0  __printf_nopercent.o ABSOLUTE
    ../clib/printf.c                         0x00000000   Number         0  _printf_hex_int_ll.o ABSOLUTE
    ../clib/printf.c                         0x00000000   Number         0  __printf_flags_ss_wp.o ABSOLUTE
    ../clib/printf_percent.s                 0x00000000   Number         0  _printf_percent.o ABSOLUTE
    ../clib/printf_percent.s                 0x00000000   Number         0  _printf_d.o ABSOLUTE
    ../clib/printf_percent.s                 0x00000000   Number         0  _printf_x.o ABSOLUTE
    ../clib/printf_percent.s                 0x00000000   Number         0  _printf_s.o ABSOLUTE
    ../clib/printf_percent.s                 0x00000000   Number         0  _printf_c.o ABSOLUTE
    ../clib/printf_percent.s                 0x00000000   Number         0  _printf_percent_end.o ABSOLUTE
    ../clib/signal.c                         0x00000000   Number         0  defsig_other.o ABSOLUTE
    ../clib/signal.c                         0x00000000   Number         0  defsig_segv_inner.o ABSOLUTE
    ../clib/signal.c                         0x00000000   Number         0  defsig_cppl_inner.o ABSOLUTE
    ../clib/signal.c                         0x00000000   Number         0  defsig_pvfn_inner.o ABSOLUTE
    ../clib/signal.c                         0x00000000   Number         0  defsig_stak_inner.o ABSOLUTE
    ../clib/signal.c                         0x00000000   Number         0  defsig_rtmem_inner.o ABSOLUTE
    ../clib/signal.c                         0x00000000   Number         0  defsig_abrt_inner.o ABSOLUTE
    ../clib/signal.c                         0x00000000   Number         0  defsig_rtmem_formal.o ABSOLUTE
    ../clib/signal.c                         0x00000000   Number         0  defsig_rtmem_outer.o ABSOLUTE
    ../clib/signal.c                         0x00000000   Number         0  defsig_rtred_inner.o ABSOLUTE
    ../clib/signal.c                         0x00000000   Number         0  defsig_general.o ABSOLUTE
    ../clib/signal.c                         0x00000000   Number         0  __raise.o ABSOLUTE
    ../clib/signal.c                         0x00000000   Number         0  defsig_fpe_inner.o ABSOLUTE
    ../clib/signal.c                         0x00000000   Number         0  defsig_exit.o ABSOLUTE
    ../clib/signal.c                         0x00000000   Number         0  defsig_fpe_formal.o ABSOLUTE
    ../clib/signal.c                         0x00000000   Number         0  defsig_fpe_outer.o ABSOLUTE
    ../clib/signal.s                         0x00000000   Number         0  defsig.o ABSOLUTE
    ../clib/stdio.c                          0x00000000   Number         0  ferror_locked.o ABSOLUTE
    ../clib/stdio.c                          0x00000000   Number         0  ferror.o ABSOLUTE
    ../clib/stdlib.c                         0x00000000   Number         0  exit.o ABSOLUTE
    ../clib/string.c                         0x00000000   Number         0  strcpy.o ABSOLUTE
    ../fplib/fpinit.s                        0x00000000   Number         0  fpinit.o ABSOLUTE
    ..\CORE\core_cm3.c                       0x00000000   Number         0  core_cm3.o ABSOLUTE
    ..\CORE\startup_stm32f10x_hd.s           0x00000000   Number         0  startup_stm32f10x_hd.o ABSOLUTE
    ..\FATFS\exfuns\exfuns.c                 0x00000000   Number         0  exfuns.o ABSOLUTE
    ..\FATFS\exfuns\fattester.c              0x00000000   Number         0  fattester.o ABSOLUTE
    ..\FATFS\src\diskio.c                    0x00000000   Number         0  diskio.o ABSOLUTE
    ..\FATFS\src\ff.c                        0x00000000   Number         0  ff.o ABSOLUTE
    ..\FATFS\src\option\cc936.c              0x00000000   Number         0  cc936.o ABSOLUTE
    ..\HARDWARE\EXTI\exti.c                  0x00000000   Number         0  exti.o ABSOLUTE
    ..\HARDWARE\KEY\key.c                    0x00000000   Number         0  key.o ABSOLUTE
    ..\HARDWARE\LED\led.c                    0x00000000   Number         0  led.o ABSOLUTE
    ..\HARDWARE\SDIO\sdio_sdcard.c           0x00000000   Number         0  sdio_sdcard.o ABSOLUTE
    ..\MALLOC\malloc.c                       0x00000000   Number         0  malloc.o ABSOLUTE
    ..\STM32F10x_FWLib\src\misc.c            0x00000000   Number         0  misc.o ABSOLUTE
    ..\STM32F10x_FWLib\src\stm32f10x_dma.c   0x00000000   Number         0  stm32f10x_dma.o ABSOLUTE
    ..\STM32F10x_FWLib\src\stm32f10x_exti.c  0x00000000   Number         0  stm32f10x_exti.o ABSOLUTE
    ..\STM32F10x_FWLib\src\stm32f10x_fsmc.c  0x00000000   Number         0  stm32f10x_fsmc.o ABSOLUTE
    ..\STM32F10x_FWLib\src\stm32f10x_gpio.c  0x00000000   Number         0  stm32f10x_gpio.o ABSOLUTE
    ..\STM32F10x_FWLib\src\stm32f10x_rcc.c   0x00000000   Number         0  stm32f10x_rcc.o ABSOLUTE
    ..\STM32F10x_FWLib\src\stm32f10x_sdio.c  0x00000000   Number         0  stm32f10x_sdio.o ABSOLUTE
    ..\STM32F10x_FWLib\src\stm32f10x_tim.c   0x00000000   Number         0  stm32f10x_tim.o ABSOLUTE
    ..\STM32F10x_FWLib\src\stm32f10x_usart.c 0x00000000   Number         0  stm32f10x_usart.o ABSOLUTE
    ..\SYSTEM\delay\delay.c                  0x00000000   Number         0  delay.o ABSOLUTE
    ..\SYSTEM\sys\sys.c                      0x00000000   Number         0  sys.o ABSOLUTE
    ..\SYSTEM\usart\usart.c                  0x00000000   Number         0  usart.o ABSOLUTE
    ..\\CORE\\core_cm3.c                     0x00000000   Number         0  core_cm3.o ABSOLUTE
    ..\\SYSTEM\\sys\\sys.c                   0x00000000   Number         0  sys.o ABSOLUTE
    dc.s                                     0x00000000   Number         0  dc.o ABSOLUTE
    main.c                                   0x00000000   Number         0  main.o ABSOLUTE
    stm32f10x_it.c                           0x00000000   Number         0  stm32f10x_it.o ABSOLUTE
    system_stm32f10x.c                       0x00000000   Number         0  system_stm32f10x.o ABSOLUTE
    RESET                                    0x08000000   Section      304  startup_stm32f10x_hd.o(RESET)
    !!!main                                  0x08000130   Section        8  __main.o(!!!main)
    !!!scatter                               0x08000138   Section       52  __scatter.o(!!!scatter)
    !!handler_copy                           0x0800016c   Section       26  __scatter_copy.o(!!handler_copy)
    !!handler_zi                             0x08000188   Section       28  __scatter_zi.o(!!handler_zi)
    .ARM.Collect$$_printf_percent$$00000000  0x080001a4   Section        0  _printf_percent.o(.ARM.Collect$$_printf_percent$$00000000)
    .ARM.Collect$$_printf_percent$$00000009  0x080001a4   Section        6  _printf_d.o(.ARM.Collect$$_printf_percent$$00000009)
    .ARM.Collect$$_printf_percent$$00000017  0x080001aa   Section        4  _printf_percent_end.o(.ARM.Collect$$_printf_percent$$00000017)
    .ARM.Collect$$libinit$$00000000          0x080001ae   Section        2  libinit.o(.ARM.Collect$$libinit$$00000000)
    .ARM.Collect$$libinit$$00000002          0x080001b0   Section        0  libinit2.o(.ARM.Collect$$libinit$$00000002)
    .ARM.Collect$$libinit$$00000004          0x080001b0   Section        0  libinit2.o(.ARM.Collect$$libinit$$00000004)
    .ARM.Collect$$libinit$$0000000A          0x080001b0   Section        0  libinit2.o(.ARM.Collect$$libinit$$0000000A)
    .ARM.Collect$$libinit$$0000000C          0x080001b0   Section        0  libinit2.o(.ARM.Collect$$libinit$$0000000C)
    .ARM.Collect$$libinit$$0000000E          0x080001b0   Section        0  libinit2.o(.ARM.Collect$$libinit$$0000000E)
    .ARM.Collect$$libinit$$00000011          0x080001b0   Section        0  libinit2.o(.ARM.Collect$$libinit$$00000011)
    .ARM.Collect$$libinit$$00000013          0x080001b0   Section        0  libinit2.o(.ARM.Collect$$libinit$$00000013)
    .ARM.Collect$$libinit$$00000015          0x080001b0   Section        0  libinit2.o(.ARM.Collect$$libinit$$00000015)
    .ARM.Collect$$libinit$$00000017          0x080001b0   Section        0  libinit2.o(.ARM.Collect$$libinit$$00000017)
    .ARM.Collect$$libinit$$00000019          0x080001b0   Section        0  libinit2.o(.ARM.Collect$$libinit$$00000019)
    .ARM.Collect$$libinit$$0000001B          0x080001b0   Section        0  libinit2.o(.ARM.Collect$$libinit$$0000001B)
    .ARM.Collect$$libinit$$0000001D          0x080001b0   Section        0  libinit2.o(.ARM.Collect$$libinit$$0000001D)
    .ARM.Collect$$libinit$$0000001F          0x080001b0   Section        0  libinit2.o(.ARM.Collect$$libinit$$0000001F)
    .ARM.Collect$$libinit$$00000021          0x080001b0   Section        0  libinit2.o(.ARM.Collect$$libinit$$00000021)
    .ARM.Collect$$libinit$$00000023          0x080001b0   Section        0  libinit2.o(.ARM.Collect$$libinit$$00000023)
    .ARM.Collect$$libinit$$00000025          0x080001b0   Section        0  libinit2.o(.ARM.Collect$$libinit$$00000025)
    .ARM.Collect$$libinit$$0000002C          0x080001b0   Section        0  libinit2.o(.ARM.Collect$$libinit$$0000002C)
    .ARM.Collect$$libinit$$0000002E          0x080001b0   Section        0  libinit2.o(.ARM.Collect$$libinit$$0000002E)
    .ARM.Collect$$libinit$$00000030          0x080001b0   Section        0  libinit2.o(.ARM.Collect$$libinit$$00000030)
    .ARM.Collect$$libinit$$00000032          0x080001b0   Section        0  libinit2.o(.ARM.Collect$$libinit$$00000032)
    .ARM.Collect$$libinit$$00000033          0x080001b0   Section        2  libinit2.o(.ARM.Collect$$libinit$$00000033)
    .ARM.Collect$$libshutdown$$00000000      0x080001b2   Section        2  libshutdown.o(.ARM.Collect$$libshutdown$$00000000)
    .ARM.Collect$$libshutdown$$00000002      0x080001b4   Section        0  libshutdown2.o(.ARM.Collect$$libshutdown$$00000002)
    .ARM.Collect$$libshutdown$$00000004      0x080001b4   Section        0  libshutdown2.o(.ARM.Collect$$libshutdown$$00000004)
    .ARM.Collect$$libshutdown$$00000007      0x080001b4   Section        0  libshutdown2.o(.ARM.Collect$$libshutdown$$00000007)
    .ARM.Collect$$libshutdown$$0000000A      0x080001b4   Section        0  libshutdown2.o(.ARM.Collect$$libshutdown$$0000000A)
    .ARM.Collect$$libshutdown$$0000000C      0x080001b4   Section        0  libshutdown2.o(.ARM.Collect$$libshutdown$$0000000C)
    .ARM.Collect$$libshutdown$$0000000F      0x080001b4   Section        0  libshutdown2.o(.ARM.Collect$$libshutdown$$0000000F)
    .ARM.Collect$$libshutdown$$00000010      0x080001b4   Section        2  libshutdown2.o(.ARM.Collect$$libshutdown$$00000010)
    .ARM.Collect$$rtentry$$00000000          0x080001b6   Section        0  __rtentry.o(.ARM.Collect$$rtentry$$00000000)
    .ARM.Collect$$rtentry$$00000002          0x080001b6   Section        0  __rtentry2.o(.ARM.Collect$$rtentry$$00000002)
    .ARM.Collect$$rtentry$$00000004          0x080001b6   Section        6  __rtentry4.o(.ARM.Collect$$rtentry$$00000004)
    .ARM.Collect$$rtentry$$00000009          0x080001bc   Section        0  __rtentry2.o(.ARM.Collect$$rtentry$$00000009)
    .ARM.Collect$$rtentry$$0000000A          0x080001bc   Section        4  __rtentry2.o(.ARM.Collect$$rtentry$$0000000A)
    .ARM.Collect$$rtentry$$0000000C          0x080001c0   Section        0  __rtentry2.o(.ARM.Collect$$rtentry$$0000000C)
    .ARM.Collect$$rtentry$$0000000D          0x080001c0   Section        8  __rtentry2.o(.ARM.Collect$$rtentry$$0000000D)
    .ARM.Collect$$rtexit$$00000000           0x080001c8   Section        2  rtexit.o(.ARM.Collect$$rtexit$$00000000)
    .ARM.Collect$$rtexit$$00000002           0x080001ca   Section        0  rtexit2.o(.ARM.Collect$$rtexit$$00000002)
    .ARM.Collect$$rtexit$$00000003           0x080001ca   Section        4  rtexit2.o(.ARM.Collect$$rtexit$$00000003)
    .ARM.Collect$$rtexit$$00000004           0x080001ce   Section        6  rtexit2.o(.ARM.Collect$$rtexit$$00000004)
    .text                                    0x080001d4   Section        0  main.o(.text)
    .text                                    0x080005d4   Section        0  stm32f10x_it.o(.text)
    .text                                    0x080005f0   Section        0  system_stm32f10x.o(.text)
    SetSysClockTo72                          0x080005f1   Thumb Code   214  system_stm32f10x.o(.text)
    SetSysClock                              0x080006c7   Thumb Code     8  system_stm32f10x.o(.text)
    .text                                    0x080007d0   Section        0  led.o(.text)
    .text                                    0x08000818   Section        0  key.o(.text)
    .text                                    0x080008cc   Section        0  sdio_sdcard.o(.text)
    .text                                    0x080024fc   Section        0  exti.o(.text)
    .text                                    0x0800259c   Section        0  delay.o(.text)
    .text                                    0x08002670   Section        0  sys.o(.text)
    .text                                    0x0800267c   Section        0  usart.o(.text)
    .text                                    0x080027f4   Section       64  startup_stm32f10x_hd.o(.text)
    .text                                    0x08002834   Section        0  misc.o(.text)
    .text                                    0x08002910   Section        0  stm32f10x_gpio.o(.text)
    .text                                    0x08002c6c   Section        0  stm32f10x_rcc.o(.text)
    .text                                    0x08003010   Section        0  stm32f10x_usart.o(.text)
    .text                                    0x08003418   Section        0  stm32f10x_dma.o(.text)
    .text                                    0x0800366c   Section        0  stm32f10x_sdio.o(.text)
    .text                                    0x08003840   Section        0  stm32f10x_exti.o(.text)
    .text                                    0x0800395c   Section        0  malloc.o(.text)
    .text                                    0x08003b88   Section        0  diskio.o(.text)
    .text                                    0x08003ce4   Section        0  ff.o(.text)
    mem_cpy                                  0x08003ce5   Thumb Code    26  ff.o(.text)
    mem_set                                  0x08003cff   Thumb Code    20  ff.o(.text)
    mem_cmp                                  0x08003d13   Thumb Code    38  ff.o(.text)
    chk_chr                                  0x08003d39   Thumb Code    20  ff.o(.text)
    sync_window                              0x08003d4d   Thumb Code    82  ff.o(.text)
    move_window                              0x08003d9f   Thumb Code    52  ff.o(.text)
    sync_fs                                  0x08003dd3   Thumb Code   200  ff.o(.text)
    remove_chain                             0x080040e9   Thumb Code   108  ff.o(.text)
    create_chain                             0x08004155   Thumb Code   214  ff.o(.text)
    clmt_clust                               0x0800422b   Thumb Code    50  ff.o(.text)
    dir_next                                 0x080042fb   Thumb Code   270  ff.o(.text)
    dir_alloc                                0x08004409   Thumb Code    92  ff.o(.text)
    ld_clust                                 0x08004465   Thumb Code    32  ff.o(.text)
    st_clust                                 0x08004485   Thumb Code    16  ff.o(.text)
    cmp_lfn                                  0x08004495   Thumb Code   138  ff.o(.text)
    pick_lfn                                 0x0800451f   Thumb Code   112  ff.o(.text)
    fit_lfn                                  0x0800458f   Thumb Code   122  ff.o(.text)
    gen_numname                              0x08004609   Thumb Code   198  ff.o(.text)
    sum_sfn                                  0x080046cf   Thumb Code    32  ff.o(.text)
    dir_find                                 0x080046ef   Thumb Code   234  ff.o(.text)
    dir_read                                 0x080047d9   Thumb Code   208  ff.o(.text)
    dir_register                             0x080048a9   Thumb Code   298  ff.o(.text)
    dir_remove                               0x080049d3   Thumb Code   106  ff.o(.text)
    get_fileinfo                             0x08004a3d   Thumb Code   272  ff.o(.text)
    create_name                              0x08004b4d   Thumb Code   604  ff.o(.text)
    follow_path                              0x08004da9   Thumb Code   144  ff.o(.text)
    get_ldnumber                             0x08004e39   Thumb Code    74  ff.o(.text)
    check_fs                                 0x08004e83   Thumb Code   140  ff.o(.text)
    find_volume                              0x08004f0f   Thumb Code   930  ff.o(.text)
    validate                                 0x080052b1   Thumb Code    54  ff.o(.text)
    putc_bfd                                 0x08006c59   Thumb Code    68  ff.o(.text)
    .text                                    0x08006fc8   Section        0  exfuns.o(.text)
    .text                                    0x08007170   Section        0  cc936.o(.text)
    .text                                    0x08007224   Section        2  use_no_semi_2.o(.text)
    .text                                    0x08007226   Section       72  llsdiv.o(.text)
    .text                                    0x08007270   Section        0  noretval__2printf.o(.text)
    .text                                    0x08007288   Section        0  __printf.o(.text)
    .text                                    0x080072f0   Section        0  _printf_dec.o(.text)
    .text                                    0x08007368   Section        0  strcpy.o(.text)
    .text                                    0x080073b0   Section      138  rt_memcpy_v6.o(.text)
    .text                                    0x0800743c   Section      128  strcmpv7m.o(.text)
    .text                                    0x080074bc   Section        0  heapauxi.o(.text)
    .text                                    0x080074c2   Section        2  use_no_semi.o(.text)
    .text                                    0x080074c4   Section      238  lludivv7m.o(.text)
    .text                                    0x080075b2   Section        0  _printf_intcommon.o(.text)
    .text                                    0x08007664   Section        0  _printf_char_file.o(.text)
    .text                                    0x08007688   Section      100  rt_memcpy_w.o(.text)
    .text                                    0x080076ec   Section        0  _printf_char_common.o(.text)
    _printf_input_char                       0x080076ed   Thumb Code    10  _printf_char_common.o(.text)
    .text                                    0x0800771c   Section        0  ferror.o(.text)
    .text                                    0x08007724   Section       74  sys_stackheap_outer.o(.text)
    .text                                    0x0800776e   Section        0  exit.o(.text)
    .text                                    0x08007780   Section        8  libspace.o(.text)
    .constdata                               0x08007788   Section       24  malloc.o(.constdata)
    .constdata                               0x080077a0   Section       58  ff.o(.constdata)
    LfnOfs                                   0x080077a0   Data          13  ff.o(.constdata)
    vst                                      0x080077ae   Data          22  ff.o(.constdata)
    cst                                      0x080077c4   Data          22  ff.o(.constdata)
    .constdata                               0x080077dc   Section      312  exfuns.o(.constdata)
    .constdata                               0x08007914   Section    175304  cc936.o(.constdata)
    uni2oem                                  0x08007914   Data       87172  cc936.o(.constdata)
    oem2uni                                  0x0801cd98   Data       87172  cc936.o(.constdata)
    tbl_lower                                0x0803221c   Data         480  cc936.o(.constdata)
    tbl_upper                                0x080323fc   Data         480  cc936.o(.constdata)
    .conststring                             0x080325dc   Section      100  exfuns.o(.conststring)
    .data                                    0x20000000   Section        8  main.o(.data)
    .data                                    0x20000008   Section       20  system_stm32f10x.o(.data)
    .data                                    0x2000001c   Section        1  key.o(.data)
    key_up                                   0x2000001c   Data           1  key.o(.data)
    .data                                    0x20000020   Section       16  sdio_sdcard.o(.data)
    CardType                                 0x20000020   Data           1  sdio_sdcard.o(.data)
    RCA                                      0x20000024   Data           4  sdio_sdcard.o(.data)
    DeviceMode                               0x20000028   Data           1  sdio_sdcard.o(.data)
    StopCondition                            0x20000029   Data           1  sdio_sdcard.o(.data)
    .data                                    0x20000030   Section        4  delay.o(.data)
    fac_us                                   0x20000030   Data           1  delay.o(.data)
    fac_ms                                   0x20000032   Data           2  delay.o(.data)
    .data                                    0x20000034   Section       14  usart.o(.data)
    .data                                    0x20000042   Section       20  stm32f10x_rcc.o(.data)
    APBAHBPrescTable                         0x20000042   Data          16  stm32f10x_rcc.o(.data)
    ADCPrescTable                            0x20000052   Data           4  stm32f10x_rcc.o(.data)
    .data                                    0x20000058   Section       28  malloc.o(.data)
    .data                                    0x20000074   Section       10  ff.o(.data)
    FatFs                                    0x20000074   Data           8  ff.o(.data)
    Fsid                                     0x2000007c   Data           2  ff.o(.data)
    .data                                    0x20000080   Section       28  exfuns.o(.data)
    .bss                                     0x2000009c   Section      552  main.o(.bss)
    .bss                                     0x200002c8   Section      704  sdio_sdcard.o(.bss)
    CSD_Tab                                  0x2000030c   Data          16  sdio_sdcard.o(.bss)
    CID_Tab                                  0x2000031c   Data          16  sdio_sdcard.o(.bss)
    .bss                                     0x20000588   Section     8192  usart.o(.bss)
    .bss                                     0x200025a0   Section    43520  malloc.o(.bss)
    .bss                                     0x2000cfa0   Section       96  libspace.o(.bss)
    HEAP                                     0x2000d000   Section      512  startup_stm32f10x_hd.o(HEAP)
    Heap_Mem                                 0x2000d000   Data         512  startup_stm32f10x_hd.o(HEAP)
    STACK                                    0x2000d200   Section     1024  startup_stm32f10x_hd.o(STACK)
    Stack_Mem                                0x2000d200   Data        1024  startup_stm32f10x_hd.o(STACK)
    __initial_sp                             0x2000d600   Data           0  startup_stm32f10x_hd.o(STACK)
    .ARM.__AT_0x68000000                     0x68000000   Section    983040  malloc.o(.ARM.__AT_0x68000000)
    .ARM.__AT_0x680F0000                     0x680f0000   Section    61440  malloc.o(.ARM.__AT_0x680F0000)

    Global Symbols

    Symbol Name                              Value     Ov Type        Size  Object(Section)

    BuildAttributes$$THM_ISAv4$P$D$K$B$S$PE$A:L22UL41UL21$X:L11$S22US41US21$IEEE1$IW$USESV6$~STKCKD$USESV7$~SHL$OSPACE$ROPI$EBA8$UX$STANDARDLIB$REQ8$PRES8$EABIv2 0x00000000   Number         0  anon$$obj.o ABSOLUTE
    __ARM_use_no_argv                        0x00000000   Number         0  main.o ABSOLUTE
    __ARM_exceptions_init                     - Undefined Weak Reference
    __alloca_initialize                       - Undefined Weak Reference
    __arm_preinit_                            - Undefined Weak Reference
    __cpp_initialize__aeabi_                  - Undefined Weak Reference
    __cxa_finalize                            - Undefined Weak Reference
    __rt_locale                               - Undefined Weak Reference
    __sigvec_lookup                           - Undefined Weak Reference
    _atexit_init                              - Undefined Weak Reference
    _call_atexit_fns                          - Undefined Weak Reference
    _clock_init                               - Undefined Weak Reference
    _fp_trap_init                             - Undefined Weak Reference
    _fp_trap_shutdown                         - Undefined Weak Reference
    _get_lc_collate                           - Undefined Weak Reference
    _get_lc_ctype                             - Undefined Weak Reference
    _get_lc_monetary                          - Undefined Weak Reference
    _get_lc_numeric                           - Undefined Weak Reference
    _get_lc_time                              - Undefined Weak Reference
    _getenv_init                              - Undefined Weak Reference
    _handle_redirection                       - Undefined Weak Reference
    _init_alloc                               - Undefined Weak Reference
    _init_user_alloc                          - Undefined Weak Reference
    _initio                                   - Undefined Weak Reference
    _mutex_acquire                            - Undefined Weak Reference
    _mutex_release                            - Undefined Weak Reference
    _printf_mbtowc                            - Undefined Weak Reference
    _printf_post_padding                      - Undefined Weak Reference
    _printf_pre_padding                       - Undefined Weak Reference
    _printf_truncate_signed                   - Undefined Weak Reference
    _printf_truncate_unsigned                 - Undefined Weak Reference
    _rand_init                                - Undefined Weak Reference
    _signal_finish                            - Undefined Weak Reference
    _signal_init                              - Undefined Weak Reference
    _terminate_alloc                          - Undefined Weak Reference
    _terminate_user_alloc                     - Undefined Weak Reference
    _terminateio                              - Undefined Weak Reference
    __Vectors_Size                           0x00000130   Number         0  startup_stm32f10x_hd.o ABSOLUTE
    __Vectors                                0x08000000   Data           4  startup_stm32f10x_hd.o(RESET)
    __Vectors_End                            0x08000130   Data           0  startup_stm32f10x_hd.o(RESET)
    __main                                   0x08000131   Thumb Code     8  __main.o(!!!main)
    __scatterload                            0x08000139   Thumb Code     0  __scatter.o(!!!scatter)
    __scatterload_rt2                        0x08000139   Thumb Code    44  __scatter.o(!!!scatter)
    __scatterload_rt2_thumb_only             0x08000139   Thumb Code     0  __scatter.o(!!!scatter)
    __scatterload_null                       0x08000147   Thumb Code     0  __scatter.o(!!!scatter)
    __scatterload_copy                       0x0800016d   Thumb Code    26  __scatter_copy.o(!!handler_copy)
    __scatterload_zeroinit                   0x08000189   Thumb Code    28  __scatter_zi.o(!!handler_zi)
    _printf_d                                0x080001a5   Thumb Code     0  _printf_d.o(.ARM.Collect$$_printf_percent$$00000009)
    _printf_percent                          0x080001a5   Thumb Code     0  _printf_percent.o(.ARM.Collect$$_printf_percent$$00000000)
    _printf_percent_end                      0x080001ab   Thumb Code     0  _printf_percent_end.o(.ARM.Collect$$_printf_percent$$00000017)
    __rt_lib_init                            0x080001af   Thumb Code     0  libinit.o(.ARM.Collect$$libinit$$00000000)
    __rt_lib_init_alloca_1                   0x080001b1   Thumb Code     0  libinit2.o(.ARM.Collect$$libinit$$0000002E)
    __rt_lib_init_argv_1                     0x080001b1   Thumb Code     0  libinit2.o(.ARM.Collect$$libinit$$0000002C)
    __rt_lib_init_atexit_1                   0x080001b1   Thumb Code     0  libinit2.o(.ARM.Collect$$libinit$$0000001B)
    __rt_lib_init_clock_1                    0x080001b1   Thumb Code     0  libinit2.o(.ARM.Collect$$libinit$$00000021)
    __rt_lib_init_cpp_1                      0x080001b1   Thumb Code     0  libinit2.o(.ARM.Collect$$libinit$$00000032)
    __rt_lib_init_exceptions_1               0x080001b1   Thumb Code     0  libinit2.o(.ARM.Collect$$libinit$$00000030)
    __rt_lib_init_fp_1                       0x080001b1   Thumb Code     0  libinit2.o(.ARM.Collect$$libinit$$00000002)
    __rt_lib_init_fp_trap_1                  0x080001b1   Thumb Code     0  libinit2.o(.ARM.Collect$$libinit$$0000001F)
    __rt_lib_init_getenv_1                   0x080001b1   Thumb Code     0  libinit2.o(.ARM.Collect$$libinit$$00000023)
    __rt_lib_init_heap_1                     0x080001b1   Thumb Code     0  libinit2.o(.ARM.Collect$$libinit$$0000000A)
    __rt_lib_init_lc_collate_1               0x080001b1   Thumb Code     0  libinit2.o(.ARM.Collect$$libinit$$00000011)
    __rt_lib_init_lc_ctype_1                 0x080001b1   Thumb Code     0  libinit2.o(.ARM.Collect$$libinit$$00000013)
    __rt_lib_init_lc_monetary_1              0x080001b1   Thumb Code     0  libinit2.o(.ARM.Collect$$libinit$$00000015)
    __rt_lib_init_lc_numeric_1               0x080001b1   Thumb Code     0  libinit2.o(.ARM.Collect$$libinit$$00000017)
    __rt_lib_init_lc_time_1                  0x080001b1   Thumb Code     0  libinit2.o(.ARM.Collect$$libinit$$00000019)
    __rt_lib_init_preinit_1                  0x080001b1   Thumb Code     0  libinit2.o(.ARM.Collect$$libinit$$00000004)
    __rt_lib_init_rand_1                     0x080001b1   Thumb Code     0  libinit2.o(.ARM.Collect$$libinit$$0000000E)
    __rt_lib_init_return                     0x080001b1   Thumb Code     0  libinit2.o(.ARM.Collect$$libinit$$00000033)
    __rt_lib_init_signal_1                   0x080001b1   Thumb Code     0  libinit2.o(.ARM.Collect$$libinit$$0000001D)
    __rt_lib_init_stdio_1                    0x080001b1   Thumb Code     0  libinit2.o(.ARM.Collect$$libinit$$00000025)
    __rt_lib_init_user_alloc_1               0x080001b1   Thumb Code     0  libinit2.o(.ARM.Collect$$libinit$$0000000C)
    __rt_lib_shutdown                        0x080001b3   Thumb Code     0  libshutdown.o(.ARM.Collect$$libshutdown$$00000000)
    __rt_lib_shutdown_cpp_1                  0x080001b5   Thumb Code     0  libshutdown2.o(.ARM.Collect$$libshutdown$$00000002)
    __rt_lib_shutdown_fp_trap_1              0x080001b5   Thumb Code     0  libshutdown2.o(.ARM.Collect$$libshutdown$$00000007)
    __rt_lib_shutdown_heap_1                 0x080001b5   Thumb Code     0  libshutdown2.o(.ARM.Collect$$libshutdown$$0000000F)
    __rt_lib_shutdown_return                 0x080001b5   Thumb Code     0  libshutdown2.o(.ARM.Collect$$libshutdown$$00000010)
    __rt_lib_shutdown_signal_1               0x080001b5   Thumb Code     0  libshutdown2.o(.ARM.Collect$$libshutdown$$0000000A)
    __rt_lib_shutdown_stdio_1                0x080001b5   Thumb Code     0  libshutdown2.o(.ARM.Collect$$libshutdown$$00000004)
    __rt_lib_shutdown_user_alloc_1           0x080001b5   Thumb Code     0  libshutdown2.o(.ARM.Collect$$libshutdown$$0000000C)
    __rt_entry                               0x080001b7   Thumb Code     0  __rtentry.o(.ARM.Collect$$rtentry$$00000000)
    __rt_entry_presh_1                       0x080001b7   Thumb Code     0  __rtentry2.o(.ARM.Collect$$rtentry$$00000002)
    __rt_entry_sh                            0x080001b7   Thumb Code     0  __rtentry4.o(.ARM.Collect$$rtentry$$00000004)
    __rt_entry_li                            0x080001bd   Thumb Code     0  __rtentry2.o(.ARM.Collect$$rtentry$$0000000A)
    __rt_entry_postsh_1                      0x080001bd   Thumb Code     0  __rtentry2.o(.ARM.Collect$$rtentry$$00000009)
    __rt_entry_main                          0x080001c1   Thumb Code     0  __rtentry2.o(.ARM.Collect$$rtentry$$0000000D)
    __rt_entry_postli_1                      0x080001c1   Thumb Code     0  __rtentry2.o(.ARM.Collect$$rtentry$$0000000C)
    __rt_exit                                0x080001c9   Thumb Code     0  rtexit.o(.ARM.Collect$$rtexit$$00000000)
    __rt_exit_ls                             0x080001cb   Thumb Code     0  rtexit2.o(.ARM.Collect$$rtexit$$00000003)
    __rt_exit_prels_1                        0x080001cb   Thumb Code     0  rtexit2.o(.ARM.Collect$$rtexit$$00000002)
    __rt_exit_exit                           0x080001cf   Thumb Code     0  rtexit2.o(.ARM.Collect$$rtexit$$00000004)
    main                                     0x080001d5   Thumb Code   564  main.o(.text)
    EXTI0_IRQHandler                         0x08000409   Thumb Code    66  main.o(.text)
    EXTI4_IRQHandler                         0x0800044b   Thumb Code    32  main.o(.text)
    NMI_Handler                              0x080005d5   Thumb Code     2  stm32f10x_it.o(.text)
    HardFault_Handler                        0x080005d7   Thumb Code     4  stm32f10x_it.o(.text)
    MemManage_Handler                        0x080005db   Thumb Code     4  stm32f10x_it.o(.text)
    BusFault_Handler                         0x080005df   Thumb Code     4  stm32f10x_it.o(.text)
    UsageFault_Handler                       0x080005e3   Thumb Code     4  stm32f10x_it.o(.text)
    SVC_Handler                              0x080005e7   Thumb Code     2  stm32f10x_it.o(.text)
    DebugMon_Handler                         0x080005e9   Thumb Code     2  stm32f10x_it.o(.text)
    PendSV_Handler                           0x080005eb   Thumb Code     2  stm32f10x_it.o(.text)
    SysTick_Handler                          0x080005ed   Thumb Code     2  stm32f10x_it.o(.text)
    SystemInit                               0x080006cf   Thumb Code    78  system_stm32f10x.o(.text)
    SystemCoreClockUpdate                    0x0800071d   Thumb Code   142  system_stm32f10x.o(.text)
    LED_Init                                 0x080007d1   Thumb Code    68  led.o(.text)
    KEY_Init                                 0x08000819   Thumb Code    52  key.o(.text)
    KEY_Scan                                 0x0800084d   Thumb Code   114  key.o(.text)
    SD_SetDeviceMode                         0x080008cd   Thumb Code    20  sdio_sdcard.o(.text)
    SDIO_Clock_Set                           0x080008e1   Thumb Code    16  sdio_sdcard.o(.text)
    CmdResp1Error                            0x080008f1   Thumb Code    90  sdio_sdcard.o(.text)
    FindSCR                                  0x0800094b   Thumb Code   386  sdio_sdcard.o(.text)
    SDEnWideBus                              0x08000acd   Thumb Code   158  sdio_sdcard.o(.text)
    SD_EnableWideBusOperation                0x08000b6b   Thumb Code    94  sdio_sdcard.o(.text)
    SD_SelectDeselect                        0x08000bc9   Thumb Code    42  sdio_sdcard.o(.text)
    SD_GetCardInfo                           0x08000bf3   Thumb Code   802  sdio_sdcard.o(.text)
    CmdResp2Error                            0x08000f15   Thumb Code    80  sdio_sdcard.o(.text)
    CmdResp6Error                            0x08000f65   Thumb Code   140  sdio_sdcard.o(.text)
    SD_InitializeCards                       0x08000ff1   Thumb Code   336  sdio_sdcard.o(.text)
    CmdResp3Error                            0x08001141   Thumb Code    50  sdio_sdcard.o(.text)
    CmdResp7Error                            0x08001173   Thumb Code    70  sdio_sdcard.o(.text)
    CmdError                                 0x080011b9   Thumb Code    48  sdio_sdcard.o(.text)
    SD_PowerON                               0x080011e9   Thumb Code   450  sdio_sdcard.o(.text)
    SD_Init                                  0x080013ab   Thumb Code   238  sdio_sdcard.o(.text)
    SD_PowerOFF                              0x08001499   Thumb Code    12  sdio_sdcard.o(.text)
    SD_DMA_Config                            0x080014a5   Thumb Code   146  sdio_sdcard.o(.text)
    convert_from_bytes_to_power_of_two       0x08001537   Thumb Code    18  sdio_sdcard.o(.text)
    SD_ReadBlock                             0x08001549   Thumb Code   560  sdio_sdcard.o(.text)
    SD_ReadMultiBlocks                       0x08001779   Thumb Code   742  sdio_sdcard.o(.text)
    IsCardProgramming                        0x08001a5f   Thumb Code   142  sdio_sdcard.o(.text)
    SD_WriteBlock                            0x08001aed   Thumb Code   888  sdio_sdcard.o(.text)
    SD_WriteMultiBlocks                      0x08001e65   Thumb Code   962  sdio_sdcard.o(.text)
    SD_ProcessIRQSrc                         0x08002227   Thumb Code   294  sdio_sdcard.o(.text)
    SDIO_IRQHandler                          0x0800234d   Thumb Code     8  sdio_sdcard.o(.text)
    SD_SendStatus                            0x08002355   Thumb Code    72  sdio_sdcard.o(.text)
    SD_GetState                              0x0800239d   Thumb Code    26  sdio_sdcard.o(.text)
    SD_ReadDisk                              0x080023b7   Thumb Code   148  sdio_sdcard.o(.text)
    SD_WriteDisk                             0x0800244b   Thumb Code   148  sdio_sdcard.o(.text)
    EXTIX_Init                               0x080024fd   Thumb Code   158  exti.o(.text)
    delay_init                               0x0800259d   Thumb Code    50  delay.o(.text)
    delay_us                                 0x080025cf   Thumb Code    72  delay.o(.text)
    delay_ms                                 0x08002617   Thumb Code    72  delay.o(.text)
    WFI_SET                                  0x08002671   Thumb Code     4  sys.o(.text)
    INTX_DISABLE                             0x08002675   Thumb Code     4  sys.o(.text)
    INTX_ENABLE                              0x08002679   Thumb Code     4  sys.o(.text)
    _sys_exit                                0x0800267d   Thumb Code     6  usart.o(.text)
    fputc                                    0x08002683   Thumb Code    24  usart.o(.text)
    uart_init                                0x0800269b   Thumb Code   152  usart.o(.text)
    USART1_IRQHandler                        0x08002733   Thumb Code   162  usart.o(.text)
    Reset_Handler                            0x080027f5   Thumb Code     8  startup_stm32f10x_hd.o(.text)
    ADC1_2_IRQHandler                        0x0800280f   Thumb Code     0  startup_stm32f10x_hd.o(.text)
    ADC3_IRQHandler                          0x0800280f   Thumb Code     0  startup_stm32f10x_hd.o(.text)
    CAN1_RX1_IRQHandler                      0x0800280f   Thumb Code     0  startup_stm32f10x_hd.o(.text)
    CAN1_SCE_IRQHandler                      0x0800280f   Thumb Code     0  startup_stm32f10x_hd.o(.text)
    DMA1_Channel1_IRQHandler                 0x0800280f   Thumb Code     0  startup_stm32f10x_hd.o(.text)
    DMA1_Channel2_IRQHandler                 0x0800280f   Thumb Code     0  startup_stm32f10x_hd.o(.text)
    DMA1_Channel3_IRQHandler                 0x0800280f   Thumb Code     0  startup_stm32f10x_hd.o(.text)
    DMA1_Channel4_IRQHandler                 0x0800280f   Thumb Code     0  startup_stm32f10x_hd.o(.text)
    DMA1_Channel5_IRQHandler                 0x0800280f   Thumb Code     0  startup_stm32f10x_hd.o(.text)
    DMA1_Channel6_IRQHandler                 0x0800280f   Thumb Code     0  startup_stm32f10x_hd.o(.text)
    DMA1_Channel7_IRQHandler                 0x0800280f   Thumb Code     0  startup_stm32f10x_hd.o(.text)
    DMA2_Channel1_IRQHandler                 0x0800280f   Thumb Code     0  startup_stm32f10x_hd.o(.text)
    DMA2_Channel2_IRQHandler                 0x0800280f   Thumb Code     0  startup_stm32f10x_hd.o(.text)
    DMA2_Channel3_IRQHandler                 0x0800280f   Thumb Code     0  startup_stm32f10x_hd.o(.text)
    DMA2_Channel4_5_IRQHandler               0x0800280f   Thumb Code     0  startup_stm32f10x_hd.o(.text)
    EXTI15_10_IRQHandler                     0x0800280f   Thumb Code     0  startup_stm32f10x_hd.o(.text)
    EXTI1_IRQHandler                         0x0800280f   Thumb Code     0  startup_stm32f10x_hd.o(.text)
    EXTI2_IRQHandler                         0x0800280f   Thumb Code     0  startup_stm32f10x_hd.o(.text)
    EXTI3_IRQHandler                         0x0800280f   Thumb Code     0  startup_stm32f10x_hd.o(.text)
    EXTI9_5_IRQHandler                       0x0800280f   Thumb Code     0  startup_stm32f10x_hd.o(.text)
    FLASH_IRQHandler                         0x0800280f   Thumb Code     0  startup_stm32f10x_hd.o(.text)
    FSMC_IRQHandler                          0x0800280f   Thumb Code     0  startup_stm32f10x_hd.o(.text)
    I2C1_ER_IRQHandler                       0x0800280f   Thumb Code     0  startup_stm32f10x_hd.o(.text)
    I2C1_EV_IRQHandler                       0x0800280f   Thumb Code     0  startup_stm32f10x_hd.o(.text)
    I2C2_ER_IRQHandler                       0x0800280f   Thumb Code     0  startup_stm32f10x_hd.o(.text)
    I2C2_EV_IRQHandler                       0x0800280f   Thumb Code     0  startup_stm32f10x_hd.o(.text)
    PVD_IRQHandler                           0x0800280f   Thumb Code     0  startup_stm32f10x_hd.o(.text)
    RCC_IRQHandler                           0x0800280f   Thumb Code     0  startup_stm32f10x_hd.o(.text)
    RTCAlarm_IRQHandler                      0x0800280f   Thumb Code     0  startup_stm32f10x_hd.o(.text)
    RTC_IRQHandler                           0x0800280f   Thumb Code     0  startup_stm32f10x_hd.o(.text)
    SPI1_IRQHandler                          0x0800280f   Thumb Code     0  startup_stm32f10x_hd.o(.text)
    SPI2_IRQHandler                          0x0800280f   Thumb Code     0  startup_stm32f10x_hd.o(.text)
    SPI3_IRQHandler                          0x0800280f   Thumb Code     0  startup_stm32f10x_hd.o(.text)
    TAMPER_IRQHandler                        0x0800280f   Thumb Code     0  startup_stm32f10x_hd.o(.text)
    TIM1_BRK_IRQHandler                      0x0800280f   Thumb Code     0  startup_stm32f10x_hd.o(.text)
    TIM1_CC_IRQHandler                       0x0800280f   Thumb Code     0  startup_stm32f10x_hd.o(.text)
    TIM1_TRG_COM_IRQHandler                  0x0800280f   Thumb Code     0  startup_stm32f10x_hd.o(.text)
    TIM1_UP_IRQHandler                       0x0800280f   Thumb Code     0  startup_stm32f10x_hd.o(.text)
    TIM2_IRQHandler                          0x0800280f   Thumb Code     0  startup_stm32f10x_hd.o(.text)
    TIM3_IRQHandler                          0x0800280f   Thumb Code     0  startup_stm32f10x_hd.o(.text)
    TIM4_IRQHandler                          0x0800280f   Thumb Code     0  startup_stm32f10x_hd.o(.text)
    TIM5_IRQHandler                          0x0800280f   Thumb Code     0  startup_stm32f10x_hd.o(.text)
    TIM6_IRQHandler                          0x0800280f   Thumb Code     0  startup_stm32f10x_hd.o(.text)
    TIM7_IRQHandler                          0x0800280f   Thumb Code     0  startup_stm32f10x_hd.o(.text)
    TIM8_BRK_IRQHandler                      0x0800280f   Thumb Code     0  startup_stm32f10x_hd.o(.text)
    TIM8_CC_IRQHandler                       0x0800280f   Thumb Code     0  startup_stm32f10x_hd.o(.text)
    TIM8_TRG_COM_IRQHandler                  0x0800280f   Thumb Code     0  startup_stm32f10x_hd.o(.text)
    TIM8_UP_IRQHandler                       0x0800280f   Thumb Code     0  startup_stm32f10x_hd.o(.text)
    UART4_IRQHandler                         0x0800280f   Thumb Code     0  startup_stm32f10x_hd.o(.text)
    UART5_IRQHandler                         0x0800280f   Thumb Code     0  startup_stm32f10x_hd.o(.text)
    USART2_IRQHandler                        0x0800280f   Thumb Code     0  startup_stm32f10x_hd.o(.text)
    USART3_IRQHandler                        0x0800280f   Thumb Code     0  startup_stm32f10x_hd.o(.text)
    USBWakeUp_IRQHandler                     0x0800280f   Thumb Code     0  startup_stm32f10x_hd.o(.text)
    USB_HP_CAN1_TX_IRQHandler                0x0800280f   Thumb Code     0  startup_stm32f10x_hd.o(.text)
    USB_LP_CAN1_RX0_IRQHandler               0x0800280f   Thumb Code     0  startup_stm32f10x_hd.o(.text)
    WWDG_IRQHandler                          0x0800280f   Thumb Code     0  startup_stm32f10x_hd.o(.text)
    __user_initial_stackheap                 0x08002811   Thumb Code     0  startup_stm32f10x_hd.o(.text)
    NVIC_PriorityGroupConfig                 0x08002835   Thumb Code    10  misc.o(.text)
    NVIC_Init                                0x0800283f   Thumb Code   100  misc.o(.text)
    NVIC_SetVectorTable                      0x080028a3   Thumb Code    14  misc.o(.text)
    NVIC_SystemLPConfig                      0x080028b1   Thumb Code    34  misc.o(.text)
    SysTick_CLKSourceConfig                  0x080028d3   Thumb Code    40  misc.o(.text)
    GPIO_DeInit                              0x08002911   Thumb Code   172  stm32f10x_gpio.o(.text)
    GPIO_AFIODeInit                          0x080029bd   Thumb Code    20  stm32f10x_gpio.o(.text)
    GPIO_Init                                0x080029d1   Thumb Code   278  stm32f10x_gpio.o(.text)
    GPIO_StructInit                          0x08002ae7   Thumb Code    16  stm32f10x_gpio.o(.text)
    GPIO_ReadInputDataBit                    0x08002af7   Thumb Code    18  stm32f10x_gpio.o(.text)
    GPIO_ReadInputData                       0x08002b09   Thumb Code     8  stm32f10x_gpio.o(.text)
    GPIO_ReadOutputDataBit                   0x08002b11   Thumb Code    18  stm32f10x_gpio.o(.text)
    GPIO_ReadOutputData                      0x08002b23   Thumb Code     8  stm32f10x_gpio.o(.text)
    GPIO_SetBits                             0x08002b2b   Thumb Code     4  stm32f10x_gpio.o(.text)
    GPIO_ResetBits                           0x08002b2f   Thumb Code     4  stm32f10x_gpio.o(.text)
    GPIO_WriteBit                            0x08002b33   Thumb Code    10  stm32f10x_gpio.o(.text)
    GPIO_Write                               0x08002b3d   Thumb Code     4  stm32f10x_gpio.o(.text)
    GPIO_PinLockConfig                       0x08002b41   Thumb Code    18  stm32f10x_gpio.o(.text)
    GPIO_EventOutputConfig                   0x08002b53   Thumb Code    26  stm32f10x_gpio.o(.text)
    GPIO_EventOutputCmd                      0x08002b6d   Thumb Code     6  stm32f10x_gpio.o(.text)
    GPIO_PinRemapConfig                      0x08002b73   Thumb Code   138  stm32f10x_gpio.o(.text)
    GPIO_EXTILineConfig                      0x08002bfd   Thumb Code    66  stm32f10x_gpio.o(.text)
    GPIO_ETH_MediaInterfaceConfig            0x08002c3f   Thumb Code     8  stm32f10x_gpio.o(.text)
    RCC_DeInit                               0x08002c6d   Thumb Code    64  stm32f10x_rcc.o(.text)
    RCC_HSEConfig                            0x08002cad   Thumb Code    70  stm32f10x_rcc.o(.text)
    RCC_GetFlagStatus                        0x08002cf3   Thumb Code    56  stm32f10x_rcc.o(.text)
    RCC_WaitForHSEStartUp                    0x08002d2b   Thumb Code    56  stm32f10x_rcc.o(.text)
    RCC_AdjustHSICalibrationValue            0x08002d63   Thumb Code    20  stm32f10x_rcc.o(.text)
    RCC_HSICmd                               0x08002d77   Thumb Code     6  stm32f10x_rcc.o(.text)
    RCC_PLLConfig                            0x08002d7d   Thumb Code    24  stm32f10x_rcc.o(.text)
    RCC_PLLCmd                               0x08002d95   Thumb Code     6  stm32f10x_rcc.o(.text)
    RCC_SYSCLKConfig                         0x08002d9b   Thumb Code    18  stm32f10x_rcc.o(.text)
    RCC_GetSYSCLKSource                      0x08002dad   Thumb Code    10  stm32f10x_rcc.o(.text)
    RCC_HCLKConfig                           0x08002db7   Thumb Code    18  stm32f10x_rcc.o(.text)
    RCC_PCLK1Config                          0x08002dc9   Thumb Code    18  stm32f10x_rcc.o(.text)
    RCC_PCLK2Config                          0x08002ddb   Thumb Code    20  stm32f10x_rcc.o(.text)
    RCC_ITConfig                             0x08002def   Thumb Code    26  stm32f10x_rcc.o(.text)
    RCC_USBCLKConfig                         0x08002e09   Thumb Code     8  stm32f10x_rcc.o(.text)
    RCC_ADCCLKConfig                         0x08002e11   Thumb Code    18  stm32f10x_rcc.o(.text)
    RCC_LSEConfig                            0x08002e23   Thumb Code    50  stm32f10x_rcc.o(.text)
    RCC_LSICmd                               0x08002e55   Thumb Code     6  stm32f10x_rcc.o(.text)
    RCC_RTCCLKConfig                         0x08002e5b   Thumb Code    12  stm32f10x_rcc.o(.text)
    RCC_RTCCLKCmd                            0x08002e67   Thumb Code     8  stm32f10x_rcc.o(.text)
    RCC_GetClocksFreq                        0x08002e6f   Thumb Code   192  stm32f10x_rcc.o(.text)
    RCC_AHBPeriphClockCmd                    0x08002f2f   Thumb Code    26  stm32f10x_rcc.o(.text)
    RCC_APB2PeriphClockCmd                   0x08002f49   Thumb Code    26  stm32f10x_rcc.o(.text)
    RCC_APB1PeriphClockCmd                   0x08002f63   Thumb Code    26  stm32f10x_rcc.o(.text)
    RCC_APB2PeriphResetCmd                   0x08002f7d   Thumb Code    26  stm32f10x_rcc.o(.text)
    RCC_APB1PeriphResetCmd                   0x08002f97   Thumb Code    26  stm32f10x_rcc.o(.text)
    RCC_BackupResetCmd                       0x08002fb1   Thumb Code     8  stm32f10x_rcc.o(.text)
    RCC_ClockSecuritySystemCmd               0x08002fb9   Thumb Code     6  stm32f10x_rcc.o(.text)
    RCC_MCOConfig                            0x08002fbf   Thumb Code     6  stm32f10x_rcc.o(.text)
    RCC_ClearFlag                            0x08002fc5   Thumb Code    14  stm32f10x_rcc.o(.text)
    RCC_GetITStatus                          0x08002fd3   Thumb Code    20  stm32f10x_rcc.o(.text)
    RCC_ClearITPendingBit                    0x08002fe7   Thumb Code     6  stm32f10x_rcc.o(.text)
    USART_DeInit                             0x08003011   Thumb Code   134  stm32f10x_usart.o(.text)
    USART_Init                               0x08003097   Thumb Code   210  stm32f10x_usart.o(.text)
    USART_StructInit                         0x08003169   Thumb Code    24  stm32f10x_usart.o(.text)
    USART_ClockInit                          0x08003181   Thumb Code    34  stm32f10x_usart.o(.text)
    USART_ClockStructInit                    0x080031a3   Thumb Code    12  stm32f10x_usart.o(.text)
    USART_Cmd                                0x080031af   Thumb Code    24  stm32f10x_usart.o(.text)
    USART_ITConfig                           0x080031c7   Thumb Code    74  stm32f10x_usart.o(.text)
    USART_DMACmd                             0x08003211   Thumb Code    18  stm32f10x_usart.o(.text)
    USART_SetAddress                         0x08003223   Thumb Code    18  stm32f10x_usart.o(.text)
    USART_WakeUpConfig                       0x08003235   Thumb Code    18  stm32f10x_usart.o(.text)
    USART_ReceiverWakeUpCmd                  0x08003247   Thumb Code    24  stm32f10x_usart.o(.text)
    USART_LINBreakDetectLengthConfig         0x0800325f   Thumb Code    18  stm32f10x_usart.o(.text)
    USART_LINCmd                             0x08003271   Thumb Code    24  stm32f10x_usart.o(.text)
    USART_SendData                           0x08003289   Thumb Code     8  stm32f10x_usart.o(.text)
    USART_ReceiveData                        0x08003291   Thumb Code    10  stm32f10x_usart.o(.text)
    USART_SendBreak                          0x0800329b   Thumb Code    10  stm32f10x_usart.o(.text)
    USART_SetGuardTime                       0x080032a5   Thumb Code    16  stm32f10x_usart.o(.text)
    USART_SetPrescaler                       0x080032b5   Thumb Code    16  stm32f10x_usart.o(.text)
    USART_SmartCardCmd                       0x080032c5   Thumb Code    24  stm32f10x_usart.o(.text)
    USART_SmartCardNACKCmd                   0x080032dd   Thumb Code    24  stm32f10x_usart.o(.text)
    USART_HalfDuplexCmd                      0x080032f5   Thumb Code    24  stm32f10x_usart.o(.text)
    USART_OverSampling8Cmd                   0x0800330d   Thumb Code    22  stm32f10x_usart.o(.text)
    USART_OneBitMethodCmd                    0x08003323   Thumb Code    24  stm32f10x_usart.o(.text)
    USART_IrDAConfig                         0x0800333b   Thumb Code    18  stm32f10x_usart.o(.text)
    USART_IrDACmd                            0x0800334d   Thumb Code    24  stm32f10x_usart.o(.text)
    USART_GetFlagStatus                      0x08003365   Thumb Code    26  stm32f10x_usart.o(.text)
    USART_ClearFlag                          0x0800337f   Thumb Code    18  stm32f10x_usart.o(.text)
    USART_GetITStatus                        0x08003391   Thumb Code    84  stm32f10x_usart.o(.text)
    USART_ClearITPendingBit                  0x080033e5   Thumb Code    52  stm32f10x_usart.o(.text)
    DMA_DeInit                               0x08003419   Thumb Code   324  stm32f10x_dma.o(.text)
    DMA_Init                                 0x0800355d   Thumb Code    60  stm32f10x_dma.o(.text)
    DMA_StructInit                           0x08003599   Thumb Code    26  stm32f10x_dma.o(.text)
    DMA_Cmd                                  0x080035b3   Thumb Code    24  stm32f10x_dma.o(.text)
    DMA_ITConfig                             0x080035cb   Thumb Code    18  stm32f10x_dma.o(.text)
    DMA_SetCurrDataCounter                   0x080035dd   Thumb Code     4  stm32f10x_dma.o(.text)
    DMA_GetCurrDataCounter                   0x080035e1   Thumb Code     8  stm32f10x_dma.o(.text)
    DMA_GetFlagStatus                        0x080035e9   Thumb Code    40  stm32f10x_dma.o(.text)
    DMA_ClearFlag                            0x08003611   Thumb Code    22  stm32f10x_dma.o(.text)
    DMA_GetITStatus                          0x08003627   Thumb Code    40  stm32f10x_dma.o(.text)
    DMA_ClearITPendingBit                    0x0800364f   Thumb Code    22  stm32f10x_dma.o(.text)
    SDIO_DeInit                              0x0800366d   Thumb Code    28  stm32f10x_sdio.o(.text)
    SDIO_Init                                0x08003689   Thumb Code    42  stm32f10x_sdio.o(.text)
    SDIO_StructInit                          0x080036b3   Thumb Code    16  stm32f10x_sdio.o(.text)
    SDIO_ClockCmd                            0x080036c3   Thumb Code     6  stm32f10x_sdio.o(.text)
    SDIO_SetPowerState                       0x080036c9   Thumb Code    22  stm32f10x_sdio.o(.text)
    SDIO_GetPowerState                       0x080036df   Thumb Code    10  stm32f10x_sdio.o(.text)
    SDIO_ITConfig                            0x080036e9   Thumb Code    26  stm32f10x_sdio.o(.text)
    SDIO_DMACmd                              0x08003703   Thumb Code     6  stm32f10x_sdio.o(.text)
    SDIO_SendCommand                         0x08003709   Thumb Code    38  stm32f10x_sdio.o(.text)
    SDIO_CmdStructInit                       0x0800372f   Thumb Code    14  stm32f10x_sdio.o(.text)
    SDIO_GetCommandResponse                  0x0800373d   Thumb Code     8  stm32f10x_sdio.o(.text)
    SDIO_GetResponse                         0x08003745   Thumb Code    22  stm32f10x_sdio.o(.text)
    SDIO_DataConfig                          0x0800375b   Thumb Code    42  stm32f10x_sdio.o(.text)
    SDIO_DataStructInit                      0x08003785   Thumb Code    20  stm32f10x_sdio.o(.text)
    SDIO_GetDataCounter                      0x08003799   Thumb Code     6  stm32f10x_sdio.o(.text)
    SDIO_ReadData                            0x0800379f   Thumb Code     8  stm32f10x_sdio.o(.text)
    SDIO_WriteData                           0x080037a7   Thumb Code     8  stm32f10x_sdio.o(.text)
    SDIO_GetFIFOCount                        0x080037af   Thumb Code     6  stm32f10x_sdio.o(.text)
    SDIO_StartSDIOReadWait                   0x080037b5   Thumb Code     8  stm32f10x_sdio.o(.text)
    SDIO_StopSDIOReadWait                    0x080037bd   Thumb Code     8  stm32f10x_sdio.o(.text)
    SDIO_SetSDIOReadWaitMode                 0x080037c5   Thumb Code     8  stm32f10x_sdio.o(.text)
    SDIO_SetSDIOOperation                    0x080037cd   Thumb Code     8  stm32f10x_sdio.o(.text)
    SDIO_SendSDIOSuspendCmd                  0x080037d5   Thumb Code     6  stm32f10x_sdio.o(.text)
    SDIO_CommandCompletionCmd                0x080037db   Thumb Code     8  stm32f10x_sdio.o(.text)
    SDIO_CEATAITCmd                          0x080037e3   Thumb Code    12  stm32f10x_sdio.o(.text)
    SDIO_SendCEATACmd                        0x080037ef   Thumb Code     8  stm32f10x_sdio.o(.text)
    SDIO_GetFlagStatus                       0x080037f7   Thumb Code    20  stm32f10x_sdio.o(.text)
    SDIO_ClearFlag                           0x0800380b   Thumb Code     6  stm32f10x_sdio.o(.text)
    SDIO_GetITStatus                         0x08003811   Thumb Code    20  stm32f10x_sdio.o(.text)
    SDIO_ClearITPendingBit                   0x08003825   Thumb Code     6  stm32f10x_sdio.o(.text)
    EXTI_DeInit                              0x08003841   Thumb Code    28  stm32f10x_exti.o(.text)
    EXTI_Init                                0x0800385d   Thumb Code   142  stm32f10x_exti.o(.text)
    EXTI_StructInit                          0x080038eb   Thumb Code    16  stm32f10x_exti.o(.text)
    EXTI_GenerateSWInterrupt                 0x080038fb   Thumb Code    16  stm32f10x_exti.o(.text)
    EXTI_GetFlagStatus                       0x0800390b   Thumb Code    22  stm32f10x_exti.o(.text)
    EXTI_ClearFlag                           0x08003921   Thumb Code     8  stm32f10x_exti.o(.text)
    EXTI_GetITStatus                         0x08003929   Thumb Code    34  stm32f10x_exti.o(.text)
    EXTI_ClearITPendingBit                   0x0800394b   Thumb Code     8  stm32f10x_exti.o(.text)
    mymemcpy                                 0x0800395d   Thumb Code    26  malloc.o(.text)
    mymemset                                 0x08003977   Thumb Code    20  malloc.o(.text)
    my_mem_init                              0x0800398b   Thumb Code    54  malloc.o(.text)
    my_mem_perused                           0x080039c1   Thumb Code    54  malloc.o(.text)
    my_mem_malloc                            0x080039f7   Thumb Code   154  malloc.o(.text)
    my_mem_free                              0x08003a91   Thumb Code    94  malloc.o(.text)
    myfree                                   0x08003aef   Thumb Code    32  malloc.o(.text)
    mymalloc                                 0x08003b0f   Thumb Code    36  malloc.o(.text)
    myrealloc                                0x08003b33   Thumb Code    68  malloc.o(.text)
    disk_status                              0x08003b89   Thumb Code     6  diskio.o(.text)
    disk_initialize                          0x08003b8f   Thumb Code    32  diskio.o(.text)
    disk_read                                0x08003baf   Thumb Code    86  diskio.o(.text)
    disk_write                               0x08003c05   Thumb Code    86  diskio.o(.text)
    disk_ioctl                               0x08003c5b   Thumb Code   102  diskio.o(.text)
    get_fattime                              0x08003cc1   Thumb Code     4  diskio.o(.text)
    ff_memalloc                              0x08003cc5   Thumb Code    14  diskio.o(.text)
    ff_memfree                               0x08003cd3   Thumb Code    14  diskio.o(.text)
    clust2sect                               0x08003e9b   Thumb Code    26  ff.o(.text)
    get_fat                                  0x08003eb5   Thumb Code   242  ff.o(.text)
    put_fat                                  0x08003fa7   Thumb Code   322  ff.o(.text)
    dir_sdi                                  0x0800425d   Thumb Code   158  ff.o(.text)
    f_mount                                  0x080052e7   Thumb Code    86  ff.o(.text)
    f_open                                   0x0800533d   Thumb Code   384  ff.o(.text)
    f_read                                   0x080054bd   Thumb Code   450  ff.o(.text)
    f_write                                  0x0800567f   Thumb Code   490  ff.o(.text)
    f_sync                                   0x08005869   Thumb Code   176  ff.o(.text)
    f_close                                  0x08005919   Thumb Code    32  ff.o(.text)
    f_lseek                                  0x08005939   Thumb Code   684  ff.o(.text)
    f_opendir                                0x08005be5   Thumb Code   136  ff.o(.text)
    f_closedir                               0x08005c6d   Thumb Code    22  ff.o(.text)
    f_readdir                                0x08005c83   Thumb Code   114  ff.o(.text)
    f_stat                                   0x08005cf5   Thumb Code    84  ff.o(.text)
    f_getfree                                0x08005d49   Thumb Code   258  ff.o(.text)
    f_truncate                               0x08005e4b   Thumb Code   184  ff.o(.text)
    f_unlink                                 0x08005f03   Thumb Code   190  ff.o(.text)
    f_mkdir                                  0x08005fc1   Thumb Code   380  ff.o(.text)
    f_chmod                                  0x0800613d   Thumb Code   112  ff.o(.text)
    f_rename                                 0x080061ad   Thumb Code   290  ff.o(.text)
    f_utime                                  0x080062cf   Thumb Code   110  ff.o(.text)
    f_getlabel                               0x0800633d   Thumb Code   190  ff.o(.text)
    f_setlabel                               0x080063fb   Thumb Code   482  ff.o(.text)
    f_mkfs                                   0x080065dd   Thumb Code  1578  ff.o(.text)
    f_gets                                   0x08006c07   Thumb Code    82  ff.o(.text)
    f_putc                                   0x08006c9d   Thumb Code    64  ff.o(.text)
    f_puts                                   0x08006cdd   Thumb Code    74  ff.o(.text)
    f_printf                                 0x08006d27   Thumb Code   674  ff.o(.text)
    exfuns_init                              0x08006fc9   Thumb Code   114  exfuns.o(.text)
    char_upper                               0x0800703b   Thumb Code    26  exfuns.o(.text)
    f_typetell                               0x08007055   Thumb Code   188  exfuns.o(.text)
    exf_getfree                              0x08007111   Thumb Code    74  exfuns.o(.text)
    ff_convert                               0x08007171   Thumb Code   116  cc936.o(.text)
    ff_wtoupper                              0x080071e5   Thumb Code    46  cc936.o(.text)
    __use_no_semihosting                     0x08007225   Thumb Code     2  use_no_semi_2.o(.text)
    __aeabi_ldivmod                          0x08007227   Thumb Code     0  llsdiv.o(.text)
    _ll_sdiv                                 0x08007227   Thumb Code    72  llsdiv.o(.text)
    __2printf                                0x08007271   Thumb Code    20  noretval__2printf.o(.text)
    __printf                                 0x08007289   Thumb Code   104  __printf.o(.text)
    _printf_int_dec                          0x080072f1   Thumb Code   104  _printf_dec.o(.text)
    strcpy                                   0x08007369   Thumb Code    72  strcpy.o(.text)
    __aeabi_memcpy                           0x080073b1   Thumb Code     0  rt_memcpy_v6.o(.text)
    __rt_memcpy                              0x080073b1   Thumb Code   138  rt_memcpy_v6.o(.text)
    _memcpy_lastbytes                        0x08007417   Thumb Code     0  rt_memcpy_v6.o(.text)
    strcmp                                   0x0800743d   Thumb Code   128  strcmpv7m.o(.text)
    __use_two_region_memory                  0x080074bd   Thumb Code     2  heapauxi.o(.text)
    __rt_heap_escrow$2region                 0x080074bf   Thumb Code     2  heapauxi.o(.text)
    __rt_heap_expand$2region                 0x080074c1   Thumb Code     2  heapauxi.o(.text)
    __I$use$semihosting                      0x080074c3   Thumb Code     0  use_no_semi.o(.text)
    __use_no_semihosting_swi                 0x080074c3   Thumb Code     2  use_no_semi.o(.text)
    __aeabi_uldivmod                         0x080074c5   Thumb Code     0  lludivv7m.o(.text)
    _ll_udiv                                 0x080074c5   Thumb Code   238  lludivv7m.o(.text)
    _printf_int_common                       0x080075b3   Thumb Code   178  _printf_intcommon.o(.text)
    _printf_char_file                        0x08007665   Thumb Code    32  _printf_char_file.o(.text)
    __aeabi_memcpy4                          0x08007689   Thumb Code     0  rt_memcpy_w.o(.text)
    __aeabi_memcpy8                          0x08007689   Thumb Code     0  rt_memcpy_w.o(.text)
    __rt_memcpy_w                            0x08007689   Thumb Code   100  rt_memcpy_w.o(.text)
    _memcpy_lastbytes_aligned                0x080076d1   Thumb Code     0  rt_memcpy_w.o(.text)
    _printf_char_common                      0x080076f7   Thumb Code    32  _printf_char_common.o(.text)
    ferror                                   0x0800771d   Thumb Code     8  ferror.o(.text)
    __user_setup_stackheap                   0x08007725   Thumb Code    74  sys_stackheap_outer.o(.text)
    exit                                     0x0800776f   Thumb Code    18  exit.o(.text)
    __user_libspace                          0x08007781   Thumb Code     8  libspace.o(.text)
    __user_perproc_libspace                  0x08007781   Thumb Code     0  libspace.o(.text)
    __user_perthread_libspace                0x08007781   Thumb Code     0  libspace.o(.text)
    memtblsize                               0x08007788   Data           8  malloc.o(.constdata)
    memblksize                               0x08007790   Data           8  malloc.o(.constdata)
    memsize                                  0x08007798   Data           8  malloc.o(.constdata)
    FILE_TYPE_TBL                            0x080077dc   Data         312  exfuns.o(.constdata)
    Region$$Table$$Base                      0x08032640   Number         0  anon$$obj.o(Region$$Table)
    Region$$Table$$Limit                     0x08032660   Number         0  anon$$obj.o(Region$$Table)
    key_begin_flag                           0x20000000   Data           1  main.o(.data)
    key_stop_flag                            0x20000001   Data           1  main.o(.data)
    res_flash                                0x20000002   Data           1  main.o(.data)
    fnum                                     0x20000004   Data           4  main.o(.data)
    SystemCoreClock                          0x20000008   Data           4  system_stm32f10x.o(.data)
    AHBPrescTable                            0x2000000c   Data          16  system_stm32f10x.o(.data)
    TransferError                            0x2000002a   Data           1  sdio_sdcard.o(.data)
    TransferEnd                              0x2000002b   Data           1  sdio_sdcard.o(.data)
    tempbuff                                 0x2000002c   Data           4  sdio_sdcard.o(.data)
    Res                                      0x20000034   Data           1  usart.o(.data)
    write_slow_flag                          0x20000035   Data           1  usart.o(.data)
    __stdout                                 0x20000038   Data           4  usart.o(.data)
    which_BUF                                0x2000003c   Data           1  usart.o(.data)
    USART_RX_cnt1                            0x2000003e   Data           2  usart.o(.data)
    USART_RX_cnt2                            0x20000040   Data           2  usart.o(.data)
    mallco_dev                               0x20000058   Data          28  malloc.o(.data)
    fs                                       0x20000080   Data           8  exfuns.o(.data)
    file                                     0x20000088   Data           4  exfuns.o(.data)
    ftemp                                    0x2000008c   Data           4  exfuns.o(.data)
    br                                       0x20000090   Data           4  exfuns.o(.data)
    bw                                       0x20000094   Data           4  exfuns.o(.data)
    fatbuf                                   0x20000098   Data           4  exfuns.o(.data)
    fnew                                     0x2000009c   Data         552  main.o(.bss)
    SDIO_InitStructure                       0x200002c8   Data          24  sdio_sdcard.o(.bss)
    SDIO_CmdInitStructure                    0x200002e0   Data          20  sdio_sdcard.o(.bss)
    SDIO_DataInitStructure                   0x200002f4   Data          24  sdio_sdcard.o(.bss)
    SDCardInfo                               0x20000330   Data          88  sdio_sdcard.o(.bss)
    SDIO_DATA_BUFFER                         0x20000388   Data         512  sdio_sdcard.o(.bss)
    USART_RX_BUF1                            0x20000588   Data        4096  usart.o(.bss)
    USART_RX_BUF2                            0x20001588   Data        4096  usart.o(.bss)
    mem1base                                 0x200025a0   Data       40960  malloc.o(.bss)
    mem1mapbase                              0x2000c5a0   Data        2560  malloc.o(.bss)
    __libspace_start                         0x2000cfa0   Data          96  libspace.o(.bss)
    __temporary_stack_top$libspace           0x2000d000   Data           0  libspace.o(.bss)
    mem2base                                 0x68000000   Data       983040  malloc.o(.ARM.__AT_0x68000000)
    mem2mapbase                              0x680f0000   Data       61440  malloc.o(.ARM.__AT_0x680F0000)



==============================================================================

Memory Map of the image

  Image Entry point : 0x08000131

  Load Region LR_IROM1 (Base: 0x08000000, Size: 0x000326fc, Max: 0x00080000, ABSOLUTE)

    Execution Region ER_IROM1 (Exec base: 0x08000000, Load base: 0x08000000, Size: 0x00032660, Max: 0x00080000, ABSOLUTE)

    Exec Addr    Load Addr    Size         Type   Attr      Idx    E Section Name        Object

    0x08000000   0x08000000   0x00000130   Data   RO          337    RESET               startup_stm32f10x_hd.o
    0x08000130   0x08000130   0x00000008   Code   RO          646  * !!!main             c_w.l(__main.o)
    0x08000138   0x08000138   0x00000034   Code   RO          830    !!!scatter          c_w.l(__scatter.o)
    0x0800016c   0x0800016c   0x0000001a   Code   RO          832    !!handler_copy      c_w.l(__scatter_copy.o)
    0x08000186   0x08000186   0x00000002   PAD
    0x08000188   0x08000188   0x0000001c   Code   RO          834    !!handler_zi        c_w.l(__scatter_zi.o)
    0x080001a4   0x080001a4   0x00000000   Code   RO          637    .ARM.Collect$$_printf_percent$$00000000  c_w.l(_printf_percent.o)
    0x080001a4   0x080001a4   0x00000006   Code   RO          636    .ARM.Collect$$_printf_percent$$00000009  c_w.l(_printf_d.o)
    0x080001aa   0x080001aa   0x00000004   Code   RO          659    .ARM.Collect$$_printf_percent$$00000017  c_w.l(_printf_percent_end.o)
    0x080001ae   0x080001ae   0x00000002   Code   RO          700    .ARM.Collect$$libinit$$00000000  c_w.l(libinit.o)
    0x080001b0   0x080001b0   0x00000000   Code   RO          711    .ARM.Collect$$libinit$$00000002  c_w.l(libinit2.o)
    0x080001b0   0x080001b0   0x00000000   Code   RO          713    .ARM.Collect$$libinit$$00000004  c_w.l(libinit2.o)
    0x080001b0   0x080001b0   0x00000000   Code   RO          716    .ARM.Collect$$libinit$$0000000A  c_w.l(libinit2.o)
    0x080001b0   0x080001b0   0x00000000   Code   RO          718    .ARM.Collect$$libinit$$0000000C  c_w.l(libinit2.o)
    0x080001b0   0x080001b0   0x00000000   Code   RO          720    .ARM.Collect$$libinit$$0000000E  c_w.l(libinit2.o)
    0x080001b0   0x080001b0   0x00000000   Code   RO          723    .ARM.Collect$$libinit$$00000011  c_w.l(libinit2.o)
    0x080001b0   0x080001b0   0x00000000   Code   RO          725    .ARM.Collect$$libinit$$00000013  c_w.l(libinit2.o)
    0x080001b0   0x080001b0   0x00000000   Code   RO          727    .ARM.Collect$$libinit$$00000015  c_w.l(libinit2.o)
    0x080001b0   0x080001b0   0x00000000   Code   RO          729    .ARM.Collect$$libinit$$00000017  c_w.l(libinit2.o)
    0x080001b0   0x080001b0   0x00000000   Code   RO          731    .ARM.Collect$$libinit$$00000019  c_w.l(libinit2.o)
    0x080001b0   0x080001b0   0x00000000   Code   RO          733    .ARM.Collect$$libinit$$0000001B  c_w.l(libinit2.o)
    0x080001b0   0x080001b0   0x00000000   Code   RO          735    .ARM.Collect$$libinit$$0000001D  c_w.l(libinit2.o)
    0x080001b0   0x080001b0   0x00000000   Code   RO          737    .ARM.Collect$$libinit$$0000001F  c_w.l(libinit2.o)
    0x080001b0   0x080001b0   0x00000000   Code   RO          739    .ARM.Collect$$libinit$$00000021  c_w.l(libinit2.o)
    0x080001b0   0x080001b0   0x00000000   Code   RO          741    .ARM.Collect$$libinit$$00000023  c_w.l(libinit2.o)
    0x080001b0   0x080001b0   0x00000000   Code   RO          743    .ARM.Collect$$libinit$$00000025  c_w.l(libinit2.o)
    0x080001b0   0x080001b0   0x00000000   Code   RO          747    .ARM.Collect$$libinit$$0000002C  c_w.l(libinit2.o)
    0x080001b0   0x080001b0   0x00000000   Code   RO          749    .ARM.Collect$$libinit$$0000002E  c_w.l(libinit2.o)
    0x080001b0   0x080001b0   0x00000000   Code   RO          751    .ARM.Collect$$libinit$$00000030  c_w.l(libinit2.o)
    0x080001b0   0x080001b0   0x00000000   Code   RO          753    .ARM.Collect$$libinit$$00000032  c_w.l(libinit2.o)
    0x080001b0   0x080001b0   0x00000002   Code   RO          754    .ARM.Collect$$libinit$$00000033  c_w.l(libinit2.o)
    0x080001b2   0x080001b2   0x00000002   Code   RO          782    .ARM.Collect$$libshutdown$$00000000  c_w.l(libshutdown.o)
    0x080001b4   0x080001b4   0x00000000   Code   RO          796    .ARM.Collect$$libshutdown$$00000002  c_w.l(libshutdown2.o)
    0x080001b4   0x080001b4   0x00000000   Code   RO          798    .ARM.Collect$$libshutdown$$00000004  c_w.l(libshutdown2.o)
    0x080001b4   0x080001b4   0x00000000   Code   RO          801    .ARM.Collect$$libshutdown$$00000007  c_w.l(libshutdown2.o)
    0x080001b4   0x080001b4   0x00000000   Code   RO          804    .ARM.Collect$$libshutdown$$0000000A  c_w.l(libshutdown2.o)
    0x080001b4   0x080001b4   0x00000000   Code   RO          806    .ARM.Collect$$libshutdown$$0000000C  c_w.l(libshutdown2.o)
    0x080001b4   0x080001b4   0x00000000   Code   RO          809    .ARM.Collect$$libshutdown$$0000000F  c_w.l(libshutdown2.o)
    0x080001b4   0x080001b4   0x00000002   Code   RO          810    .ARM.Collect$$libshutdown$$00000010  c_w.l(libshutdown2.o)
    0x080001b6   0x080001b6   0x00000000   Code   RO          650    .ARM.Collect$$rtentry$$00000000  c_w.l(__rtentry.o)
    0x080001b6   0x080001b6   0x00000000   Code   RO          663    .ARM.Collect$$rtentry$$00000002  c_w.l(__rtentry2.o)
    0x080001b6   0x080001b6   0x00000006   Code   RO          675    .ARM.Collect$$rtentry$$00000004  c_w.l(__rtentry4.o)
    0x080001bc   0x080001bc   0x00000000   Code   RO          665    .ARM.Collect$$rtentry$$00000009  c_w.l(__rtentry2.o)
    0x080001bc   0x080001bc   0x00000004   Code   RO          666    .ARM.Collect$$rtentry$$0000000A  c_w.l(__rtentry2.o)
    0x080001c0   0x080001c0   0x00000000   Code   RO          668    .ARM.Collect$$rtentry$$0000000C  c_w.l(__rtentry2.o)
    0x080001c0   0x080001c0   0x00000008   Code   RO          669    .ARM.Collect$$rtentry$$0000000D  c_w.l(__rtentry2.o)
    0x080001c8   0x080001c8   0x00000002   Code   RO          704    .ARM.Collect$$rtexit$$00000000  c_w.l(rtexit.o)
    0x080001ca   0x080001ca   0x00000000   Code   RO          756    .ARM.Collect$$rtexit$$00000002  c_w.l(rtexit2.o)
    0x080001ca   0x080001ca   0x00000004   Code   RO          757    .ARM.Collect$$rtexit$$00000003  c_w.l(rtexit2.o)
    0x080001ce   0x080001ce   0x00000006   Code   RO          758    .ARM.Collect$$rtexit$$00000004  c_w.l(rtexit2.o)
    0x080001d4   0x080001d4   0x00000400   Code   RO            1    .text               main.o
    0x080005d4   0x080005d4   0x0000001a   Code   RO          149    .text               stm32f10x_it.o
    0x080005ee   0x080005ee   0x00000002   PAD
    0x080005f0   0x080005f0   0x000001e0   Code   RO          190    .text               system_stm32f10x.o
    0x080007d0   0x080007d0   0x00000048   Code   RO          208    .text               led.o
    0x08000818   0x08000818   0x000000b4   Code   RO          220    .text               key.o
    0x080008cc   0x080008cc   0x00001c30   Code   RO          233    .text               sdio_sdcard.o
    0x080024fc   0x080024fc   0x0000009e   Code   RO          259    .text               exti.o
    0x0800259a   0x0800259a   0x00000002   PAD
    0x0800259c   0x0800259c   0x000000d4   Code   RO          271    .text               delay.o
    0x08002670   0x08002670   0x0000000c   Code   RO          286    .text               sys.o
    0x0800267c   0x0800267c   0x00000178   Code   RO          302    .text               usart.o
    0x080027f4   0x080027f4   0x00000040   Code   RO          338    .text               startup_stm32f10x_hd.o
    0x08002834   0x08002834   0x000000dc   Code   RO          342    .text               misc.o
    0x08002910   0x08002910   0x0000035c   Code   RO          366    .text               stm32f10x_gpio.o
    0x08002c6c   0x08002c6c   0x000003a4   Code   RO          378    .text               stm32f10x_rcc.o
    0x08003010   0x08003010   0x00000408   Code   RO          392    .text               stm32f10x_usart.o
    0x08003418   0x08003418   0x00000254   Code   RO          416    .text               stm32f10x_dma.o
    0x0800366c   0x0800366c   0x000001d4   Code   RO          428    .text               stm32f10x_sdio.o
    0x08003840   0x08003840   0x0000011c   Code   RO          440    .text               stm32f10x_exti.o
    0x0800395c   0x0800395c   0x0000022c   Code   RO          452    .text               malloc.o
    0x08003b88   0x08003b88   0x0000015c   Code   RO          474    .text               diskio.o
    0x08003ce4   0x08003ce4   0x000032e4   Code   RO          489    .text               ff.o
    0x08006fc8   0x08006fc8   0x000001a8   Code   RO          510    .text               exfuns.o
    0x08007170   0x08007170   0x000000b4   Code   RO          534    .text               cc936.o
    0x08007224   0x08007224   0x00000002   Code   RO          578    .text               c_w.l(use_no_semi_2.o)
    0x08007226   0x08007226   0x00000048   Code   RO          580    .text               c_w.l(llsdiv.o)
    0x0800726e   0x0800726e   0x00000002   PAD
    0x08007270   0x08007270   0x00000018   Code   RO          584    .text               c_w.l(noretval__2printf.o)
    0x08007288   0x08007288   0x00000068   Code   RO          586    .text               c_w.l(__printf.o)
    0x080072f0   0x080072f0   0x00000078   Code   RO          590    .text               c_w.l(_printf_dec.o)
    0x08007368   0x08007368   0x00000048   Code   RO          638    .text               c_w.l(strcpy.o)
    0x080073b0   0x080073b0   0x0000008a   Code   RO          640    .text               c_w.l(rt_memcpy_v6.o)
    0x0800743a   0x0800743a   0x00000002   PAD
    0x0800743c   0x0800743c   0x00000080   Code   RO          642    .text               c_w.l(strcmpv7m.o)
    0x080074bc   0x080074bc   0x00000006   Code   RO          644    .text               c_w.l(heapauxi.o)
    0x080074c2   0x080074c2   0x00000002   Code   RO          648    .text               c_w.l(use_no_semi.o)
    0x080074c4   0x080074c4   0x000000ee   Code   RO          651    .text               c_w.l(lludivv7m.o)
    0x080075b2   0x080075b2   0x000000b2   Code   RO          653    .text               c_w.l(_printf_intcommon.o)
    0x08007664   0x08007664   0x00000024   Code   RO          657    .text               c_w.l(_printf_char_file.o)
    0x08007688   0x08007688   0x00000064   Code   RO          660    .text               c_w.l(rt_memcpy_w.o)
    0x080076ec   0x080076ec   0x00000030   Code   RO          681    .text               c_w.l(_printf_char_common.o)
    0x0800771c   0x0800771c   0x00000008   Code   RO          683    .text               c_w.l(ferror.o)
    0x08007724   0x08007724   0x0000004a   Code   RO          687    .text               c_w.l(sys_stackheap_outer.o)
    0x0800776e   0x0800776e   0x00000012   Code   RO          693    .text               c_w.l(exit.o)
    0x08007780   0x08007780   0x00000008   Code   RO          701    .text               c_w.l(libspace.o)
    0x08007788   0x08007788   0x00000018   Data   RO          456    .constdata          malloc.o
    0x080077a0   0x080077a0   0x0000003a   Data   RO          490    .constdata          ff.o
    0x080077da   0x080077da   0x00000002   PAD
    0x080077dc   0x080077dc   0x00000138   Data   RO          512    .constdata          exfuns.o
    0x08007914   0x08007914   0x0002acc8   Data   RO          535    .constdata          cc936.o
    0x080325dc   0x080325dc   0x00000064   Data   RO          513    .conststring        exfuns.o
    0x08032640   0x08032640   0x00000020   Data   RO          828    Region$$Table       anon$$obj.o


    Execution Region RW_IRAM1 (Exec base: 0x20000000, Load base: 0x08032660, Size: 0x0000d600, Max: 0x00010000, ABSOLUTE)

    Exec Addr    Load Addr    Size         Type   Attr      Idx    E Section Name        Object

    0x20000000   0x08032660   0x00000008   Data   RW            3    .data               main.o
    0x20000008   0x08032668   0x00000014   Data   RW          191    .data               system_stm32f10x.o
    0x2000001c   0x0803267c   0x00000001   Data   RW          221    .data               key.o
    0x2000001d   0x0803267d   0x00000003   PAD
    0x20000020   0x08032680   0x00000010   Data   RW          235    .data               sdio_sdcard.o
    0x20000030   0x08032690   0x00000004   Data   RW          272    .data               delay.o
    0x20000034   0x08032694   0x0000000e   Data   RW          304    .data               usart.o
    0x20000042   0x080326a2   0x00000014   Data   RW          379    .data               stm32f10x_rcc.o
    0x20000056   0x080326b6   0x00000002   PAD
    0x20000058   0x080326b8   0x0000001c   Data   RW          457    .data               malloc.o
    0x20000074   0x080326d4   0x0000000a   Data   RW          491    .data               ff.o
    0x2000007e   0x080326de   0x00000002   PAD
    0x20000080   0x080326e0   0x0000001c   Data   RW          514    .data               exfuns.o
    0x2000009c        -       0x00000228   Zero   RW            2    .bss                main.o
    0x200002c4   0x080326fc   0x00000004   PAD
    0x200002c8        -       0x000002c0   Zero   RW          234    .bss                sdio_sdcard.o
    0x20000588        -       0x00002000   Zero   RW          303    .bss                usart.o
    0x20002588   0x080326fc   0x00000018   PAD
    0x200025a0        -       0x0000aa00   Zero   RW          455    .bss                malloc.o
    0x2000cfa0        -       0x00000060   Zero   RW          702    .bss                c_w.l(libspace.o)
    0x2000d000        -       0x00000200   Zero   RW          336    HEAP                startup_stm32f10x_hd.o
    0x2000d200        -       0x00000400   Zero   RW          335    STACK               startup_stm32f10x_hd.o



  Load Region LR$$.ARM.__AT_0x68000000 (Base: 0x68000000, Size: 0x00000000, Max: 0x000f0000, ABSOLUTE)

    Execution Region ER$$.ARM.__AT_0x68000000 (Exec base: 0x68000000, Load base: 0x68000000, Size: 0x000f0000, Max: 0x000f0000, ABSOLUTE, UNINIT)

    Exec Addr    Load Addr    Size         Type   Attr      Idx    E Section Name        Object

    0x68000000        -       0x000f0000   Zero   RW          453    .ARM.__AT_0x68000000  malloc.o



  Load Region LR$$.ARM.__AT_0x680F0000 (Base: 0x680f0000, Size: 0x00000000, Max: 0x0000f000, ABSOLUTE)

    Execution Region ER$$.ARM.__AT_0x680F0000 (Exec base: 0x680f0000, Load base: 0x680f0000, Size: 0x0000f000, Max: 0x0000f000, ABSOLUTE, UNINIT)

    Exec Addr    Load Addr    Size         Type   Attr      Idx    E Section Name        Object

    0x680f0000        -       0x0000f000   Zero   RW          454    .ARM.__AT_0x680F0000  malloc.o


==============================================================================

Image component sizes


      Code (inc. data)   RO Data    RW Data    ZI Data      Debug   Object Name

       180         18     175304          0          0       2145   cc936.o
       212         18          0          4          0       1007   delay.o
       348          4          0          0          0       3769   diskio.o
       424         22        412         28          0       2692   exfuns.o
       158          0          0          0          0        589   exti.o
     13028        144         58         10          0      38090   ff.o
       180         14          0          1          0        776   key.o
        72          4          0          0          0        479   led.o
      1024        362          0          8        552     258016   main.o
       556         18         24         28    1088000       4624   malloc.o
       220         22          0          0          0       1761   misc.o
      7216        256          0         16        704      24632   sdio_sdcard.o
        64         26        304          0       1536        784   startup_stm32f10x_hd.o
       596          8          0          0          0       4326   stm32f10x_dma.o
       284         10          0          0          0       2219   stm32f10x_exti.o
       860         38          0          0          0       5697   stm32f10x_gpio.o
        26          0          0          0          0       1162   stm32f10x_it.o
       932         36          0         20          0       8860   stm32f10x_rcc.o
       468         22          0          0          0       7084   stm32f10x_sdio.o
      1032         22          0          0          0       8420   stm32f10x_usart.o
        12          0          0          0          0        599   sys.o
       480         38          0         20          0       1683   system_stm32f10x.o
       376         32          0         14       8192       3302   usart.o

    ----------------------------------------------------------------------
     28752       1114     176136        156    1099012     382716   Object Totals
         0          0         32          0          0          0   (incl. Generated)
         4          0          2          7         28          0   (incl. Padding)

    ----------------------------------------------------------------------

      Code (inc. data)   RO Data    RW Data    ZI Data      Debug   Library Member Name

         8          0          0          0          0         68   __main.o
       104          0          0          0          0         84   __printf.o
         0          0          0          0          0          0   __rtentry.o
        12          0          0          0          0          0   __rtentry2.o
         6          0          0          0          0          0   __rtentry4.o
        52          8          0          0          0          0   __scatter.o
        26          0          0          0          0          0   __scatter_copy.o
        28          0          0          0          0          0   __scatter_zi.o
        48          6          0          0          0         96   _printf_char_common.o
        36          4          0          0          0         80   _printf_char_file.o
         6          0          0          0          0          0   _printf_d.o
       120         16          0          0          0         92   _printf_dec.o
       178          0          0          0          0         88   _printf_intcommon.o
         0          0          0          0          0          0   _printf_percent.o
         4          0          0          0          0          0   _printf_percent_end.o
        18          0          0          0          0         80   exit.o
         8          0          0          0          0         68   ferror.o
         6          0          0          0          0        152   heapauxi.o
         2          0          0          0          0          0   libinit.o
         2          0          0          0          0          0   libinit2.o
         2          0          0          0          0          0   libshutdown.o
         2          0          0          0          0          0   libshutdown2.o
         8          4          0          0         96         68   libspace.o
        72          0          0          0          0         76   llsdiv.o
       238          0          0          0          0        100   lludivv7m.o
        24          4          0          0          0         84   noretval__2printf.o
       138          0          0          0          0         68   rt_memcpy_v6.o
       100          0          0          0          0         80   rt_memcpy_w.o
         2          0          0          0          0          0   rtexit.o
        10          0          0          0          0          0   rtexit2.o
       128          0          0          0          0         68   strcmpv7m.o
        72          0          0          0          0         80   strcpy.o
        74          0          0          0          0         80   sys_stackheap_outer.o
         2          0          0          0          0         68   use_no_semi.o
         2          0          0          0          0         68   use_no_semi_2.o

    ----------------------------------------------------------------------
      1544         42          0          0         96       1648   Library Totals
         6          0          0          0          0          0   (incl. Padding)

    ----------------------------------------------------------------------

      Code (inc. data)   RO Data    RW Data    ZI Data      Debug   Library Name

      1538         42          0          0         96       1648   c_w.l

    ----------------------------------------------------------------------
      1544         42          0          0         96       1648   Library Totals

    ----------------------------------------------------------------------

==============================================================================


      Code (inc. data)   RO Data    RW Data    ZI Data      Debug   

     30296       1156     176136        156    1099108     381552   Grand Totals
     30296       1156     176136        156    1099108     381552   ELF Image Totals
     30296       1156     176136        156          0          0   ROM Totals

==============================================================================

    Total RO  Size (Code + RO Data)               206432 ( 201.59kB)
    Total RW  Size (RW Data + ZI Data)           1099264 (1073.50kB)
    Total ROM Size (Code + RO Data + RW Data)     206588 ( 201.75kB)

==============================================================================

